 
****************************************
Report : area
Design : tf_lms_sv
Version: L-2016.03-SP1
Date   : Wed Mar 25 23:19:03 2026
****************************************

Library(s) Used:

    gscl45nm (File: /home/hoangtrang/IC_design/code/Tool/PDK/PDK_45nm/osu_soc/lib/files/gscl45nm.db)

Number of ports:                         2900
Number of nets:                          6554
Number of cells:                         3429
Number of combinational cells:           2300
Number of sequential cells:              1050
Number of macros/black boxes:               0
Number of buf/inv:                        413
Number of references:                       5

Combinational area:               9328.276180
Buf/Inv area:                      619.006688
Noncombinational area:            8041.924622
Macro/Black Box area:                0.000000
Net Interconnect area:      undefined  (No wire load specified)

Total cell area:                 17370.200801
Total area:                 undefined

Hierarchical area distribution
------------------------------

                                  Global cell area           Local cell area
                                  -------------------  ---------------------------- 
Hierarchical cell                 Absolute    Percent  Combi-     Noncombi-  Black-
                                  Total       Total    national   national   boxes   Design
--------------------------------  ----------  -------  ---------  ---------  ------  -------------------------
tf_lms_sv                         17370.2008    100.0    18.7720     0.0000  0.0000  tf_lms_sv
cflt                              14653.8925     84.4     0.0000     0.0000  0.0000  core_filt_sv
cflt/tap1                          2930.7785     16.9     0.0000   829.7224  0.0000  unit_calc_sv_4
cflt/tap1/add1                      140.7900      0.8     0.0000     0.0000  0.0000  add16_sv_4
cflt/tap1/add1/add_9                140.7900      0.8   140.7900     0.0000  0.0000  add16_sv_4_DW01_add_0
cflt/tap1/add_321                    69.4564      0.4    69.4564     0.0000  0.0000  unit_calc_sv_4_DW01_add_0
cflt/tap1/delay_2                   127.6496      0.7     0.0000   127.6496  0.0000  shift_1d_16_sv_4
cflt/tap1/mul_coeff_x_in            786.5468      4.5     0.0000     0.0000  0.0000  mul8_sv_8
cflt/tap1/mul_coeff_x_in/mult_46    786.5468      4.5   655.6121     0.0000  0.0000  mul8_sv_8_DW02_mult_0
cflt/tap1/mul_coeff_x_in/mult_46/FS_1
                                    130.9347      0.8   130.9347     0.0000  0.0000  mul8_sv_8_DW01_add_0
cflt/tap1/mul_xnin_ue               786.5468      4.5     0.0000     0.0000  0.0000  mul8_sv_9
cflt/tap1/mul_xnin_ue/mult_46       786.5468      4.5   655.6121     0.0000  0.0000  mul8_sv_9_DW02_mult_0
cflt/tap1/mul_xnin_ue/mult_46/FS_1
                                    130.9347      0.8   130.9347     0.0000  0.0000  mul8_sv_9_DW01_add_0
cflt/tap1/sat_1                      62.4169      0.4    62.4169     0.0000  0.0000  saturation_sv_4
cflt/tap1/trunc_1                     0.0000      0.0     0.0000     0.0000  0.0000  truncation_sv_9
cflt/tap1/trunc_2                     0.0000      0.0     0.0000     0.0000  0.0000  truncation_sv_8
cflt/tap1/u1                        127.6496      0.7     0.0000   127.6496  0.0000  u_scaling_sv_4
cflt/tap2                          2930.7785     16.9     0.0000   829.7224  0.0000  unit_calc_sv_3
cflt/tap2/add1                      140.7900      0.8     0.0000     0.0000  0.0000  add16_sv_3
cflt/tap2/add1/add_9                140.7900      0.8   140.7900     0.0000  0.0000  add16_sv_3_DW01_add_0
cflt/tap2/add_321                    69.4564      0.4    69.4564     0.0000  0.0000  unit_calc_sv_3_DW01_add_0
cflt/tap2/delay_2                   127.6496      0.7     0.0000   127.6496  0.0000  shift_1d_16_sv_3
cflt/tap2/mul_coeff_x_in            786.5468      4.5     0.0000     0.0000  0.0000  mul8_sv_6
cflt/tap2/mul_coeff_x_in/mult_46    786.5468      4.5   655.6121     0.0000  0.0000  mul8_sv_6_DW02_mult_0
cflt/tap2/mul_coeff_x_in/mult_46/FS_1
                                    130.9347      0.8   130.9347     0.0000  0.0000  mul8_sv_6_DW01_add_0
cflt/tap2/mul_xnin_ue               786.5468      4.5     0.0000     0.0000  0.0000  mul8_sv_7
cflt/tap2/mul_xnin_ue/mult_46       786.5468      4.5   655.6121     0.0000  0.0000  mul8_sv_7_DW02_mult_0
cflt/tap2/mul_xnin_ue/mult_46/FS_1
                                    130.9347      0.8   130.9347     0.0000  0.0000  mul8_sv_7_DW01_add_0
cflt/tap2/sat_1                      62.4169      0.4    62.4169     0.0000  0.0000  saturation_sv_3
cflt/tap2/trunc_1                     0.0000      0.0     0.0000     0.0000  0.0000  truncation_sv_7
cflt/tap2/trunc_2                     0.0000      0.0     0.0000     0.0000  0.0000  truncation_sv_6
cflt/tap2/u1                        127.6496      0.7     0.0000   127.6496  0.0000  u_scaling_sv_3
cflt/tap3                          2930.7785     16.9     0.0000   829.7224  0.0000  unit_calc_sv_2
cflt/tap3/add1                      140.7900      0.8     0.0000     0.0000  0.0000  add16_sv_2
cflt/tap3/add1/add_9                140.7900      0.8   140.7900     0.0000  0.0000  add16_sv_2_DW01_add_0
cflt/tap3/add_321                    69.4564      0.4    69.4564     0.0000  0.0000  unit_calc_sv_2_DW01_add_0
cflt/tap3/delay_2                   127.6496      0.7     0.0000   127.6496  0.0000  shift_1d_16_sv_2
cflt/tap3/mul_coeff_x_in            786.5468      4.5     0.0000     0.0000  0.0000  mul8_sv_4
cflt/tap3/mul_coeff_x_in/mult_46    786.5468      4.5   655.6121     0.0000  0.0000  mul8_sv_4_DW02_mult_0
cflt/tap3/mul_coeff_x_in/mult_46/FS_1
                                    130.9347      0.8   130.9347     0.0000  0.0000  mul8_sv_4_DW01_add_0
cflt/tap3/mul_xnin_ue               786.5468      4.5     0.0000     0.0000  0.0000  mul8_sv_5
cflt/tap3/mul_xnin_ue/mult_46       786.5468      4.5   655.6121     0.0000  0.0000  mul8_sv_5_DW02_mult_0
cflt/tap3/mul_xnin_ue/mult_46/FS_1
                                    130.9347      0.8   130.9347     0.0000  0.0000  mul8_sv_5_DW01_add_0
cflt/tap3/sat_1                      62.4169      0.4    62.4169     0.0000  0.0000  saturation_sv_2
cflt/tap3/trunc_1                     0.0000      0.0     0.0000     0.0000  0.0000  truncation_sv_5
cflt/tap3/trunc_2                     0.0000      0.0     0.0000     0.0000  0.0000  truncation_sv_4
cflt/tap3/u1                        127.6496      0.7     0.0000   127.6496  0.0000  u_scaling_sv_2
cflt/tap4                          2930.7785     16.9     0.0000   829.7224  0.0000  unit_calc_sv_1
cflt/tap4/add1                      140.7900      0.8     0.0000     0.0000  0.0000  add16_sv_1
cflt/tap4/add1/add_9                140.7900      0.8   140.7900     0.0000  0.0000  add16_sv_1_DW01_add_0
cflt/tap4/add_321                    69.4564      0.4    69.4564     0.0000  0.0000  unit_calc_sv_1_DW01_add_0
cflt/tap4/delay_2                   127.6496      0.7     0.0000   127.6496  0.0000  shift_1d_16_sv_1
cflt/tap4/mul_coeff_x_in            786.5468      4.5     0.0000     0.0000  0.0000  mul8_sv_2
cflt/tap4/mul_coeff_x_in/mult_46    786.5468      4.5   655.6121     0.0000  0.0000  mul8_sv_2_DW02_mult_0
cflt/tap4/mul_coeff_x_in/mult_46/FS_1
                                    130.9347      0.8   130.9347     0.0000  0.0000  mul8_sv_2_DW01_add_0
cflt/tap4/mul_xnin_ue               786.5468      4.5     0.0000     0.0000  0.0000  mul8_sv_3
cflt/tap4/mul_xnin_ue/mult_46       786.5468      4.5   655.6121     0.0000  0.0000  mul8_sv_3_DW02_mult_0
cflt/tap4/mul_xnin_ue/mult_46/FS_1
                                    130.9347      0.8   130.9347     0.0000  0.0000  mul8_sv_3_DW01_add_0
cflt/tap4/sat_1                      62.4169      0.4    62.4169     0.0000  0.0000  saturation_sv_1
cflt/tap4/trunc_1                     0.0000      0.0     0.0000     0.0000  0.0000  truncation_sv_3
cflt/tap4/trunc_2                     0.0000      0.0     0.0000     0.0000  0.0000  truncation_sv_2
cflt/tap4/u1                        127.6496      0.7     0.0000   127.6496  0.0000  u_scaling_sv_1
cflt/tap5                          2930.7785     16.9     0.0000   829.7224  0.0000  unit_calc_sv_0
cflt/tap5/add1                      140.7900      0.8     0.0000     0.0000  0.0000  add16_sv_0
cflt/tap5/add1/add_9                140.7900      0.8   140.7900     0.0000  0.0000  add16_sv_0_DW01_add_0
cflt/tap5/add_321                    69.4564      0.4    69.4564     0.0000  0.0000  unit_calc_sv_0_DW01_add_0
cflt/tap5/delay_2                   127.6496      0.7     0.0000   127.6496  0.0000  shift_1d_16_sv_0
cflt/tap5/mul_coeff_x_in            786.5468      4.5     0.0000     0.0000  0.0000  mul8_sv_0
cflt/tap5/mul_coeff_x_in/mult_46    786.5468      4.5   655.6121     0.0000  0.0000  mul8_sv_0_DW02_mult_0
cflt/tap5/mul_coeff_x_in/mult_46/FS_1
                                    130.9347      0.8   130.9347     0.0000  0.0000  mul8_sv_0_DW01_add_0
cflt/tap5/mul_xnin_ue               786.5468      4.5     0.0000     0.0000  0.0000  mul8_sv_1
cflt/tap5/mul_xnin_ue/mult_46       786.5468      4.5   655.6121     0.0000  0.0000  mul8_sv_1_DW02_mult_0
cflt/tap5/mul_xnin_ue/mult_46/FS_1
                                    130.9347      0.8   130.9347     0.0000  0.0000  mul8_sv_1_DW01_add_0
cflt/tap5/sat_1                      62.4169      0.4    62.4169     0.0000  0.0000  saturation_sv_0
cflt/tap5/trunc_1                     0.0000      0.0     0.0000     0.0000  0.0000  truncation_sv_1
cflt/tap5/trunc_2                     0.0000      0.0     0.0000     0.0000  0.0000  truncation_sv_0
cflt/tap5/u1                        127.6496      0.7     0.0000   127.6496  0.0000  u_scaling_sv_0
shift_1                            1276.4960      7.3     0.0000  1276.4960  0.0000  shift_20d_sv
shift_2                            1340.3208      7.7     0.0000  1340.3208  0.0000  shift_21d_sv
sub_476                              80.7196      0.5    80.7196     0.0000  0.0000  tf_lms_sv_DW01_sub_0
--------------------------------  ----------  -------  ---------  ---------  ------  -------------------------
Total                                                  9328.2762  8041.9246  0.0000

1
