 
****************************************
Report : power
        -analysis_effort low
Design : tf_lms_sv
Version: L-2016.03-SP1
Date   : Wed Mar 25 23:20:23 2026
****************************************


Library(s) Used:

    gscl45nm (File: /home/hoangtrang/IC_design/code/Tool/PDK/PDK_45nm/osu_soc/lib/files/gscl45nm.db)


Operating Conditions: typical   Library: gscl45nm
Wire Load Model Mode: top


Global Operating Voltage = 1.1  
Power-specific unit information :
    Voltage Units = 1V
    Capacitance Units = 1.000000pf
    Time Units = 1ns
    Dynamic Power Units = 1mW    (derived from V,C,T units)
    Leakage Power Units = 1nW


  Cell Internal Power  =   1.0536 mW   (88%)
  Net Switching Power  = 145.7639 uW   (12%)
                         ---------
Total Dynamic Power    =   1.1993 mW  (100%)

Cell Leakage Power     =  87.9816 uW


                 Internal         Switching           Leakage            Total
Power Group      Power            Power               Power              Power   (   %    )  Attrs
--------------------------------------------------------------------------------------------------
io_pad             0.0000            0.0000            0.0000            0.0000  (   0.00%)
memory             0.0000            0.0000            0.0000            0.0000  (   0.00%)
black_box          0.0000            0.0000            0.0000            0.0000  (   0.00%)
clock_network      0.0000            0.0000            0.0000            0.0000  (   0.00%)
register           0.9086        2.0816e-02        4.9040e+04            0.9785  (  76.01%)
sequential         0.0000            0.0000            0.0000            0.0000  (   0.00%)
combinational      0.1450            0.1249        3.8942e+04            0.3089  (  23.99%)
--------------------------------------------------------------------------------------------------
Total              1.0536 mW         0.1458 mW     8.7982e+04 nW         1.2873 mW
1
