 
****************************************
Report : constraint
        -all_violators
Design : tf_lms_sv
Version: L-2016.03-SP1
Date   : Fri Mar 27 00:21:10 2026
****************************************


   min_delay/hold ('clk' group)

                             Required        Actual
   Endpoint                 Path Delay     Path Delay        Slack
   -----------------------------------------------------------------
   cflt/tap1/shiftue_reg[0]/D
                                0.22           0.11 r        -0.11  (VIOLATED)
   cflt/tap1/shiftue_reg[1]/D
                                0.22           0.11 r        -0.11  (VIOLATED)
   cflt/tap1/shiftue_reg[2]/D
                                0.22           0.11 r        -0.11  (VIOLATED)
   cflt/tap1/shiftue_reg[3]/D
                                0.22           0.11 r        -0.11  (VIOLATED)
   cflt/tap1/shiftue_reg[4]/D
                                0.22           0.11 r        -0.11  (VIOLATED)
   cflt/tap1/shiftue_reg[5]/D
                                0.22           0.11 r        -0.11  (VIOLATED)
   cflt/tap1/shiftue_reg[6]/D
                                0.22           0.11 r        -0.11  (VIOLATED)
   cflt/tap1/shiftue_reg[7]/D
                                0.22           0.11 r        -0.11  (VIOLATED)
   cflt/tap1/shiftue_reg[8]/D
                                0.22           0.11 r        -0.11  (VIOLATED)
   cflt/tap1/shiftue_reg[9]/D
                                0.22           0.11 r        -0.11  (VIOLATED)
   cflt/tap1/shiftue_reg[10]/D
                                0.22           0.11 r        -0.11  (VIOLATED)
   cflt/tap1/shiftue_reg[11]/D
                                0.22           0.11 r        -0.11  (VIOLATED)
   cflt/tap1/shiftue_reg[12]/D
                                0.22           0.11 r        -0.11  (VIOLATED)
   cflt/tap1/shiftue_reg[13]/D
                                0.22           0.11 r        -0.11  (VIOLATED)
   cflt/tap1/shiftue_reg[14]/D
                                0.22           0.11 r        -0.11  (VIOLATED)
   cflt/tap1/shiftue_reg[15]/D
                                0.22           0.11 r        -0.11  (VIOLATED)
   cflt/tap1/shiftx_reg[0]/D
                                0.22           0.11 r        -0.11  (VIOLATED)
   cflt/tap1/shiftx_reg[1]/D
                                0.22           0.11 r        -0.11  (VIOLATED)
   cflt/tap1/shiftx_reg[2]/D
                                0.22           0.11 r        -0.11  (VIOLATED)
   cflt/tap1/shiftx_reg[3]/D
                                0.22           0.11 r        -0.11  (VIOLATED)
   cflt/tap1/shiftx_reg[4]/D
                                0.22           0.11 r        -0.11  (VIOLATED)
   cflt/tap1/shiftx_reg[5]/D
                                0.22           0.11 r        -0.11  (VIOLATED)
   cflt/tap1/shiftx_reg[6]/D
                                0.22           0.11 r        -0.11  (VIOLATED)
   cflt/tap1/shiftx_reg[7]/D
                                0.22           0.11 r        -0.11  (VIOLATED)
   cflt/tap1/shiftx_reg[8]/D
                                0.22           0.11 r        -0.11  (VIOLATED)
   cflt/tap1/shiftx_reg[9]/D
                                0.22           0.11 r        -0.11  (VIOLATED)
   cflt/tap1/shiftx_reg[10]/D
                                0.22           0.11 r        -0.11  (VIOLATED)
   cflt/tap1/shiftx_reg[11]/D
                                0.22           0.11 r        -0.11  (VIOLATED)
   cflt/tap1/shiftx_reg[12]/D
                                0.22           0.11 r        -0.11  (VIOLATED)
   cflt/tap1/shiftx_reg[13]/D
                                0.22           0.11 r        -0.11  (VIOLATED)
   cflt/tap1/shiftx_reg[14]/D
                                0.22           0.11 r        -0.11  (VIOLATED)
   cflt/tap1/shiftx_reg[15]/D
                                0.22           0.11 r        -0.11  (VIOLATED)
   cflt/tap1/shiftx_reg[24]/D
                                0.22           0.11 r        -0.11  (VIOLATED)
   cflt/tap1/shiftx_reg[25]/D
                                0.22           0.11 r        -0.11  (VIOLATED)
   cflt/tap1/shiftx_reg[26]/D
                                0.22           0.11 r        -0.11  (VIOLATED)
   cflt/tap1/shiftx_reg[27]/D
                                0.22           0.11 r        -0.11  (VIOLATED)
   cflt/tap1/shiftx_reg[28]/D
                                0.22           0.11 r        -0.11  (VIOLATED)
   cflt/tap1/shiftx_reg[29]/D
                                0.22           0.11 r        -0.11  (VIOLATED)
   cflt/tap1/shiftx_reg[30]/D
                                0.22           0.11 r        -0.11  (VIOLATED)
   cflt/tap1/shiftx_reg[31]/D
                                0.22           0.11 r        -0.11  (VIOLATED)
   cflt/tap1/shiftxn_reg[0]/D
                                0.22           0.11 r        -0.11  (VIOLATED)
   cflt/tap1/shiftxn_reg[1]/D
                                0.22           0.11 r        -0.11  (VIOLATED)
   cflt/tap1/shiftxn_reg[2]/D
                                0.22           0.11 r        -0.11  (VIOLATED)
   cflt/tap1/shiftxn_reg[3]/D
                                0.22           0.11 r        -0.11  (VIOLATED)
   cflt/tap1/shiftxn_reg[4]/D
                                0.22           0.11 r        -0.11  (VIOLATED)
   cflt/tap1/shiftxn_reg[5]/D
                                0.22           0.11 r        -0.11  (VIOLATED)
   cflt/tap1/shiftxn_reg[6]/D
                                0.22           0.11 r        -0.11  (VIOLATED)
   cflt/tap1/shiftxn_reg[7]/D
                                0.22           0.11 r        -0.11  (VIOLATED)
   cflt/tap1/shiftxn_reg[8]/D
                                0.22           0.11 r        -0.11  (VIOLATED)
   cflt/tap1/shiftxn_reg[9]/D
                                0.22           0.11 r        -0.11  (VIOLATED)
   cflt/tap1/shiftxn_reg[10]/D
                                0.22           0.11 r        -0.11  (VIOLATED)
   cflt/tap1/shiftxn_reg[11]/D
                                0.22           0.11 r        -0.11  (VIOLATED)
   cflt/tap1/shiftxn_reg[12]/D
                                0.22           0.11 r        -0.11  (VIOLATED)
   cflt/tap1/shiftxn_reg[13]/D
                                0.22           0.11 r        -0.11  (VIOLATED)
   cflt/tap1/shiftxn_reg[14]/D
                                0.22           0.11 r        -0.11  (VIOLATED)
   cflt/tap1/shiftxn_reg[15]/D
                                0.22           0.11 r        -0.11  (VIOLATED)
   cflt/tap1/shiftxn_reg[16]/D
                                0.22           0.11 r        -0.11  (VIOLATED)
   cflt/tap1/shiftxn_reg[17]/D
                                0.22           0.11 r        -0.11  (VIOLATED)
   cflt/tap1/shiftxn_reg[18]/D
                                0.22           0.11 r        -0.11  (VIOLATED)
   cflt/tap1/shiftxn_reg[19]/D
                                0.22           0.11 r        -0.11  (VIOLATED)
   cflt/tap1/shiftxn_reg[20]/D
                                0.22           0.11 r        -0.11  (VIOLATED)
   cflt/tap1/shiftxn_reg[21]/D
                                0.22           0.11 r        -0.11  (VIOLATED)
   cflt/tap1/shiftxn_reg[22]/D
                                0.22           0.11 r        -0.11  (VIOLATED)
   cflt/tap1/shiftxn_reg[23]/D
                                0.22           0.11 r        -0.11  (VIOLATED)
   cflt/tap2/shiftue_reg[0]/D
                                0.22           0.11 r        -0.11  (VIOLATED)
   cflt/tap2/shiftue_reg[1]/D
                                0.22           0.11 r        -0.11  (VIOLATED)
   cflt/tap2/shiftue_reg[2]/D
                                0.22           0.11 r        -0.11  (VIOLATED)
   cflt/tap2/shiftue_reg[3]/D
                                0.22           0.11 r        -0.11  (VIOLATED)
   cflt/tap2/shiftue_reg[4]/D
                                0.22           0.11 r        -0.11  (VIOLATED)
   cflt/tap2/shiftue_reg[5]/D
                                0.22           0.11 r        -0.11  (VIOLATED)
   cflt/tap2/shiftue_reg[6]/D
                                0.22           0.11 r        -0.11  (VIOLATED)
   cflt/tap2/shiftue_reg[7]/D
                                0.22           0.11 r        -0.11  (VIOLATED)
   cflt/tap2/shiftue_reg[8]/D
                                0.22           0.11 r        -0.11  (VIOLATED)
   cflt/tap2/shiftue_reg[9]/D
                                0.22           0.11 r        -0.11  (VIOLATED)
   cflt/tap2/shiftue_reg[10]/D
                                0.22           0.11 r        -0.11  (VIOLATED)
   cflt/tap2/shiftue_reg[11]/D
                                0.22           0.11 r        -0.11  (VIOLATED)
   cflt/tap2/shiftue_reg[12]/D
                                0.22           0.11 r        -0.11  (VIOLATED)
   cflt/tap2/shiftue_reg[13]/D
                                0.22           0.11 r        -0.11  (VIOLATED)
   cflt/tap2/shiftue_reg[14]/D
                                0.22           0.11 r        -0.11  (VIOLATED)
   cflt/tap2/shiftue_reg[15]/D
                                0.22           0.11 r        -0.11  (VIOLATED)
   cflt/tap2/shiftx_reg[0]/D
                                0.22           0.11 r        -0.11  (VIOLATED)
   cflt/tap2/shiftx_reg[1]/D
                                0.22           0.11 r        -0.11  (VIOLATED)
   cflt/tap2/shiftx_reg[2]/D
                                0.22           0.11 r        -0.11  (VIOLATED)
   cflt/tap2/shiftx_reg[3]/D
                                0.22           0.11 r        -0.11  (VIOLATED)
   cflt/tap2/shiftx_reg[4]/D
                                0.22           0.11 r        -0.11  (VIOLATED)
   cflt/tap2/shiftx_reg[5]/D
                                0.22           0.11 r        -0.11  (VIOLATED)
   cflt/tap2/shiftx_reg[6]/D
                                0.22           0.11 r        -0.11  (VIOLATED)
   cflt/tap2/shiftx_reg[7]/D
                                0.22           0.11 r        -0.11  (VIOLATED)
   cflt/tap2/shiftx_reg[8]/D
                                0.22           0.11 r        -0.11  (VIOLATED)
   cflt/tap2/shiftx_reg[9]/D
                                0.22           0.11 r        -0.11  (VIOLATED)
   cflt/tap2/shiftx_reg[10]/D
                                0.22           0.11 r        -0.11  (VIOLATED)
   cflt/tap2/shiftx_reg[11]/D
                                0.22           0.11 r        -0.11  (VIOLATED)
   cflt/tap2/shiftx_reg[12]/D
                                0.22           0.11 r        -0.11  (VIOLATED)
   cflt/tap2/shiftx_reg[13]/D
                                0.22           0.11 r        -0.11  (VIOLATED)
   cflt/tap2/shiftx_reg[14]/D
                                0.22           0.11 r        -0.11  (VIOLATED)
   cflt/tap2/shiftx_reg[15]/D
                                0.22           0.11 r        -0.11  (VIOLATED)
   cflt/tap2/shiftx_reg[24]/D
                                0.22           0.11 r        -0.11  (VIOLATED)
   cflt/tap2/shiftx_reg[25]/D
                                0.22           0.11 r        -0.11  (VIOLATED)
   cflt/tap2/shiftx_reg[26]/D
                                0.22           0.11 r        -0.11  (VIOLATED)
   cflt/tap2/shiftx_reg[27]/D
                                0.22           0.11 r        -0.11  (VIOLATED)
   cflt/tap2/shiftx_reg[28]/D
                                0.22           0.11 r        -0.11  (VIOLATED)
   cflt/tap2/shiftx_reg[29]/D
                                0.22           0.11 r        -0.11  (VIOLATED)
   cflt/tap2/shiftx_reg[30]/D
                                0.22           0.11 r        -0.11  (VIOLATED)
   cflt/tap2/shiftx_reg[31]/D
                                0.22           0.11 r        -0.11  (VIOLATED)
   cflt/tap2/shiftxn_reg[0]/D
                                0.22           0.11 r        -0.11  (VIOLATED)
   cflt/tap2/shiftxn_reg[1]/D
                                0.22           0.11 r        -0.11  (VIOLATED)
   cflt/tap2/shiftxn_reg[2]/D
                                0.22           0.11 r        -0.11  (VIOLATED)
   cflt/tap2/shiftxn_reg[3]/D
                                0.22           0.11 r        -0.11  (VIOLATED)
   cflt/tap2/shiftxn_reg[4]/D
                                0.22           0.11 r        -0.11  (VIOLATED)
   cflt/tap2/shiftxn_reg[5]/D
                                0.22           0.11 r        -0.11  (VIOLATED)
   cflt/tap2/shiftxn_reg[6]/D
                                0.22           0.11 r        -0.11  (VIOLATED)
   cflt/tap2/shiftxn_reg[7]/D
                                0.22           0.11 r        -0.11  (VIOLATED)
   cflt/tap2/shiftxn_reg[8]/D
                                0.22           0.11 r        -0.11  (VIOLATED)
   cflt/tap2/shiftxn_reg[9]/D
                                0.22           0.11 r        -0.11  (VIOLATED)
   cflt/tap2/shiftxn_reg[10]/D
                                0.22           0.11 r        -0.11  (VIOLATED)
   cflt/tap2/shiftxn_reg[11]/D
                                0.22           0.11 r        -0.11  (VIOLATED)
   cflt/tap2/shiftxn_reg[12]/D
                                0.22           0.11 r        -0.11  (VIOLATED)
   cflt/tap2/shiftxn_reg[13]/D
                                0.22           0.11 r        -0.11  (VIOLATED)
   cflt/tap2/shiftxn_reg[14]/D
                                0.22           0.11 r        -0.11  (VIOLATED)
   cflt/tap2/shiftxn_reg[15]/D
                                0.22           0.11 r        -0.11  (VIOLATED)
   cflt/tap2/shiftxn_reg[16]/D
                                0.22           0.11 r        -0.11  (VIOLATED)
   cflt/tap2/shiftxn_reg[17]/D
                                0.22           0.11 r        -0.11  (VIOLATED)
   cflt/tap2/shiftxn_reg[18]/D
                                0.22           0.11 r        -0.11  (VIOLATED)
   cflt/tap2/shiftxn_reg[19]/D
                                0.22           0.11 r        -0.11  (VIOLATED)
   cflt/tap2/shiftxn_reg[20]/D
                                0.22           0.11 r        -0.11  (VIOLATED)
   cflt/tap2/shiftxn_reg[21]/D
                                0.22           0.11 r        -0.11  (VIOLATED)
   cflt/tap2/shiftxn_reg[22]/D
                                0.22           0.11 r        -0.11  (VIOLATED)
   cflt/tap2/shiftxn_reg[23]/D
                                0.22           0.11 r        -0.11  (VIOLATED)
   cflt/tap2/shifty_reg[0]/D
                                0.22           0.11 r        -0.11  (VIOLATED)
   cflt/tap2/shifty_reg[1]/D
                                0.22           0.11 r        -0.11  (VIOLATED)
   cflt/tap2/shifty_reg[2]/D
                                0.22           0.11 r        -0.11  (VIOLATED)
   cflt/tap2/shifty_reg[3]/D
                                0.22           0.11 r        -0.11  (VIOLATED)
   cflt/tap2/shifty_reg[4]/D
                                0.22           0.11 r        -0.11  (VIOLATED)
   cflt/tap2/shifty_reg[5]/D
                                0.22           0.11 r        -0.11  (VIOLATED)
   cflt/tap2/shifty_reg[6]/D
                                0.22           0.11 r        -0.11  (VIOLATED)
   cflt/tap2/shifty_reg[7]/D
                                0.22           0.11 r        -0.11  (VIOLATED)
   cflt/tap3/shiftue_reg[0]/D
                                0.22           0.11 r        -0.11  (VIOLATED)
   cflt/tap3/shiftue_reg[1]/D
                                0.22           0.11 r        -0.11  (VIOLATED)
   cflt/tap3/shiftue_reg[2]/D
                                0.22           0.11 r        -0.11  (VIOLATED)
   cflt/tap3/shiftue_reg[3]/D
                                0.22           0.11 r        -0.11  (VIOLATED)
   cflt/tap3/shiftue_reg[4]/D
                                0.22           0.11 r        -0.11  (VIOLATED)
   cflt/tap3/shiftue_reg[5]/D
                                0.22           0.11 r        -0.11  (VIOLATED)
   cflt/tap3/shiftue_reg[6]/D
                                0.22           0.11 r        -0.11  (VIOLATED)
   cflt/tap3/shiftue_reg[7]/D
                                0.22           0.11 r        -0.11  (VIOLATED)
   cflt/tap3/shiftue_reg[8]/D
                                0.22           0.11 r        -0.11  (VIOLATED)
   cflt/tap3/shiftue_reg[9]/D
                                0.22           0.11 r        -0.11  (VIOLATED)
   cflt/tap3/shiftue_reg[10]/D
                                0.22           0.11 r        -0.11  (VIOLATED)
   cflt/tap3/shiftue_reg[11]/D
                                0.22           0.11 r        -0.11  (VIOLATED)
   cflt/tap3/shiftue_reg[12]/D
                                0.22           0.11 r        -0.11  (VIOLATED)
   cflt/tap3/shiftue_reg[13]/D
                                0.22           0.11 r        -0.11  (VIOLATED)
   cflt/tap3/shiftue_reg[14]/D
                                0.22           0.11 r        -0.11  (VIOLATED)
   cflt/tap3/shiftue_reg[15]/D
                                0.22           0.11 r        -0.11  (VIOLATED)
   cflt/tap3/shiftx_reg[0]/D
                                0.22           0.11 r        -0.11  (VIOLATED)
   cflt/tap3/shiftx_reg[1]/D
                                0.22           0.11 r        -0.11  (VIOLATED)
   cflt/tap3/shiftx_reg[2]/D
                                0.22           0.11 r        -0.11  (VIOLATED)
   cflt/tap3/shiftx_reg[3]/D
                                0.22           0.11 r        -0.11  (VIOLATED)
   cflt/tap3/shiftx_reg[4]/D
                                0.22           0.11 r        -0.11  (VIOLATED)
   cflt/tap3/shiftx_reg[5]/D
                                0.22           0.11 r        -0.11  (VIOLATED)
   cflt/tap3/shiftx_reg[6]/D
                                0.22           0.11 r        -0.11  (VIOLATED)
   cflt/tap3/shiftx_reg[7]/D
                                0.22           0.11 r        -0.11  (VIOLATED)
   cflt/tap3/shiftx_reg[8]/D
                                0.22           0.11 r        -0.11  (VIOLATED)
   cflt/tap3/shiftx_reg[9]/D
                                0.22           0.11 r        -0.11  (VIOLATED)
   cflt/tap3/shiftx_reg[10]/D
                                0.22           0.11 r        -0.11  (VIOLATED)
   cflt/tap3/shiftx_reg[11]/D
                                0.22           0.11 r        -0.11  (VIOLATED)
   cflt/tap3/shiftx_reg[12]/D
                                0.22           0.11 r        -0.11  (VIOLATED)
   cflt/tap3/shiftx_reg[13]/D
                                0.22           0.11 r        -0.11  (VIOLATED)
   cflt/tap3/shiftx_reg[14]/D
                                0.22           0.11 r        -0.11  (VIOLATED)
   cflt/tap3/shiftx_reg[15]/D
                                0.22           0.11 r        -0.11  (VIOLATED)
   cflt/tap3/shiftx_reg[24]/D
                                0.22           0.11 r        -0.11  (VIOLATED)
   cflt/tap3/shiftx_reg[25]/D
                                0.22           0.11 r        -0.11  (VIOLATED)
   cflt/tap3/shiftx_reg[26]/D
                                0.22           0.11 r        -0.11  (VIOLATED)
   cflt/tap3/shiftx_reg[27]/D
                                0.22           0.11 r        -0.11  (VIOLATED)
   cflt/tap3/shiftx_reg[28]/D
                                0.22           0.11 r        -0.11  (VIOLATED)
   cflt/tap3/shiftx_reg[29]/D
                                0.22           0.11 r        -0.11  (VIOLATED)
   cflt/tap3/shiftx_reg[30]/D
                                0.22           0.11 r        -0.11  (VIOLATED)
   cflt/tap3/shiftx_reg[31]/D
                                0.22           0.11 r        -0.11  (VIOLATED)
   cflt/tap3/shiftxn_reg[0]/D
                                0.22           0.11 r        -0.11  (VIOLATED)
   cflt/tap3/shiftxn_reg[1]/D
                                0.22           0.11 r        -0.11  (VIOLATED)
   cflt/tap3/shiftxn_reg[2]/D
                                0.22           0.11 r        -0.11  (VIOLATED)
   cflt/tap3/shiftxn_reg[3]/D
                                0.22           0.11 r        -0.11  (VIOLATED)
   cflt/tap3/shiftxn_reg[4]/D
                                0.22           0.11 r        -0.11  (VIOLATED)
   cflt/tap3/shiftxn_reg[5]/D
                                0.22           0.11 r        -0.11  (VIOLATED)
   cflt/tap3/shiftxn_reg[6]/D
                                0.22           0.11 r        -0.11  (VIOLATED)
   cflt/tap3/shiftxn_reg[7]/D
                                0.22           0.11 r        -0.11  (VIOLATED)
   cflt/tap3/shiftxn_reg[8]/D
                                0.22           0.11 r        -0.11  (VIOLATED)
   cflt/tap3/shiftxn_reg[9]/D
                                0.22           0.11 r        -0.11  (VIOLATED)
   cflt/tap3/shiftxn_reg[10]/D
                                0.22           0.11 r        -0.11  (VIOLATED)
   cflt/tap3/shiftxn_reg[11]/D
                                0.22           0.11 r        -0.11  (VIOLATED)
   cflt/tap3/shiftxn_reg[12]/D
                                0.22           0.11 r        -0.11  (VIOLATED)
   cflt/tap3/shiftxn_reg[13]/D
                                0.22           0.11 r        -0.11  (VIOLATED)
   cflt/tap3/shiftxn_reg[14]/D
                                0.22           0.11 r        -0.11  (VIOLATED)
   cflt/tap3/shiftxn_reg[15]/D
                                0.22           0.11 r        -0.11  (VIOLATED)
   cflt/tap3/shiftxn_reg[16]/D
                                0.22           0.11 r        -0.11  (VIOLATED)
   cflt/tap3/shiftxn_reg[17]/D
                                0.22           0.11 r        -0.11  (VIOLATED)
   cflt/tap3/shiftxn_reg[18]/D
                                0.22           0.11 r        -0.11  (VIOLATED)
   cflt/tap3/shiftxn_reg[19]/D
                                0.22           0.11 r        -0.11  (VIOLATED)
   cflt/tap3/shiftxn_reg[20]/D
                                0.22           0.11 r        -0.11  (VIOLATED)
   cflt/tap3/shiftxn_reg[21]/D
                                0.22           0.11 r        -0.11  (VIOLATED)
   cflt/tap3/shiftxn_reg[22]/D
                                0.22           0.11 r        -0.11  (VIOLATED)
   cflt/tap3/shiftxn_reg[23]/D
                                0.22           0.11 r        -0.11  (VIOLATED)
   cflt/tap3/shifty_reg[0]/D
                                0.22           0.11 r        -0.11  (VIOLATED)
   cflt/tap3/shifty_reg[1]/D
                                0.22           0.11 r        -0.11  (VIOLATED)
   cflt/tap3/shifty_reg[2]/D
                                0.22           0.11 r        -0.11  (VIOLATED)
   cflt/tap3/shifty_reg[3]/D
                                0.22           0.11 r        -0.11  (VIOLATED)
   cflt/tap3/shifty_reg[4]/D
                                0.22           0.11 r        -0.11  (VIOLATED)
   cflt/tap3/shifty_reg[5]/D
                                0.22           0.11 r        -0.11  (VIOLATED)
   cflt/tap3/shifty_reg[6]/D
                                0.22           0.11 r        -0.11  (VIOLATED)
   cflt/tap3/shifty_reg[7]/D
                                0.22           0.11 r        -0.11  (VIOLATED)
   cflt/tap4/shiftue_reg[0]/D
                                0.22           0.11 r        -0.11  (VIOLATED)
   cflt/tap4/shiftue_reg[1]/D
                                0.22           0.11 r        -0.11  (VIOLATED)
   cflt/tap4/shiftue_reg[2]/D
                                0.22           0.11 r        -0.11  (VIOLATED)
   cflt/tap4/shiftue_reg[3]/D
                                0.22           0.11 r        -0.11  (VIOLATED)
   cflt/tap4/shiftue_reg[4]/D
                                0.22           0.11 r        -0.11  (VIOLATED)
   cflt/tap4/shiftue_reg[5]/D
                                0.22           0.11 r        -0.11  (VIOLATED)
   cflt/tap4/shiftue_reg[6]/D
                                0.22           0.11 r        -0.11  (VIOLATED)
   cflt/tap4/shiftue_reg[7]/D
                                0.22           0.11 r        -0.11  (VIOLATED)
   cflt/tap4/shiftue_reg[8]/D
                                0.22           0.11 r        -0.11  (VIOLATED)
   cflt/tap4/shiftue_reg[9]/D
                                0.22           0.11 r        -0.11  (VIOLATED)
   cflt/tap4/shiftue_reg[10]/D
                                0.22           0.11 r        -0.11  (VIOLATED)
   cflt/tap4/shiftue_reg[11]/D
                                0.22           0.11 r        -0.11  (VIOLATED)
   cflt/tap4/shiftue_reg[12]/D
                                0.22           0.11 r        -0.11  (VIOLATED)
   cflt/tap4/shiftue_reg[13]/D
                                0.22           0.11 r        -0.11  (VIOLATED)
   cflt/tap4/shiftue_reg[14]/D
                                0.22           0.11 r        -0.11  (VIOLATED)
   cflt/tap4/shiftue_reg[15]/D
                                0.22           0.11 r        -0.11  (VIOLATED)
   cflt/tap4/shiftx_reg[0]/D
                                0.22           0.11 r        -0.11  (VIOLATED)
   cflt/tap4/shiftx_reg[1]/D
                                0.22           0.11 r        -0.11  (VIOLATED)
   cflt/tap4/shiftx_reg[2]/D
                                0.22           0.11 r        -0.11  (VIOLATED)
   cflt/tap4/shiftx_reg[3]/D
                                0.22           0.11 r        -0.11  (VIOLATED)
   cflt/tap4/shiftx_reg[4]/D
                                0.22           0.11 r        -0.11  (VIOLATED)
   cflt/tap4/shiftx_reg[5]/D
                                0.22           0.11 r        -0.11  (VIOLATED)
   cflt/tap4/shiftx_reg[6]/D
                                0.22           0.11 r        -0.11  (VIOLATED)
   cflt/tap4/shiftx_reg[7]/D
                                0.22           0.11 r        -0.11  (VIOLATED)
   cflt/tap4/shiftx_reg[8]/D
                                0.22           0.11 r        -0.11  (VIOLATED)
   cflt/tap4/shiftx_reg[9]/D
                                0.22           0.11 r        -0.11  (VIOLATED)
   cflt/tap4/shiftx_reg[10]/D
                                0.22           0.11 r        -0.11  (VIOLATED)
   cflt/tap4/shiftx_reg[11]/D
                                0.22           0.11 r        -0.11  (VIOLATED)
   cflt/tap4/shiftx_reg[12]/D
                                0.22           0.11 r        -0.11  (VIOLATED)
   cflt/tap4/shiftx_reg[13]/D
                                0.22           0.11 r        -0.11  (VIOLATED)
   cflt/tap4/shiftx_reg[14]/D
                                0.22           0.11 r        -0.11  (VIOLATED)
   cflt/tap4/shiftx_reg[15]/D
                                0.22           0.11 r        -0.11  (VIOLATED)
   cflt/tap4/shiftx_reg[24]/D
                                0.22           0.11 r        -0.11  (VIOLATED)
   cflt/tap4/shiftx_reg[25]/D
                                0.22           0.11 r        -0.11  (VIOLATED)
   cflt/tap4/shiftx_reg[26]/D
                                0.22           0.11 r        -0.11  (VIOLATED)
   cflt/tap4/shiftx_reg[27]/D
                                0.22           0.11 r        -0.11  (VIOLATED)
   cflt/tap4/shiftx_reg[28]/D
                                0.22           0.11 r        -0.11  (VIOLATED)
   cflt/tap4/shiftx_reg[29]/D
                                0.22           0.11 r        -0.11  (VIOLATED)
   cflt/tap4/shiftx_reg[30]/D
                                0.22           0.11 r        -0.11  (VIOLATED)
   cflt/tap4/shiftx_reg[31]/D
                                0.22           0.11 r        -0.11  (VIOLATED)
   cflt/tap4/shiftxn_reg[0]/D
                                0.22           0.11 r        -0.11  (VIOLATED)
   cflt/tap4/shiftxn_reg[1]/D
                                0.22           0.11 r        -0.11  (VIOLATED)
   cflt/tap4/shiftxn_reg[2]/D
                                0.22           0.11 r        -0.11  (VIOLATED)
   cflt/tap4/shiftxn_reg[3]/D
                                0.22           0.11 r        -0.11  (VIOLATED)
   cflt/tap4/shiftxn_reg[4]/D
                                0.22           0.11 r        -0.11  (VIOLATED)
   cflt/tap4/shiftxn_reg[5]/D
                                0.22           0.11 r        -0.11  (VIOLATED)
   cflt/tap4/shiftxn_reg[6]/D
                                0.22           0.11 r        -0.11  (VIOLATED)
   cflt/tap4/shiftxn_reg[7]/D
                                0.22           0.11 r        -0.11  (VIOLATED)
   cflt/tap4/shiftxn_reg[8]/D
                                0.22           0.11 r        -0.11  (VIOLATED)
   cflt/tap4/shiftxn_reg[9]/D
                                0.22           0.11 r        -0.11  (VIOLATED)
   cflt/tap4/shiftxn_reg[10]/D
                                0.22           0.11 r        -0.11  (VIOLATED)
   cflt/tap4/shiftxn_reg[11]/D
                                0.22           0.11 r        -0.11  (VIOLATED)
   cflt/tap4/shiftxn_reg[12]/D
                                0.22           0.11 r        -0.11  (VIOLATED)
   cflt/tap4/shiftxn_reg[13]/D
                                0.22           0.11 r        -0.11  (VIOLATED)
   cflt/tap4/shiftxn_reg[14]/D
                                0.22           0.11 r        -0.11  (VIOLATED)
   cflt/tap4/shiftxn_reg[15]/D
                                0.22           0.11 r        -0.11  (VIOLATED)
   cflt/tap4/shiftxn_reg[16]/D
                                0.22           0.11 r        -0.11  (VIOLATED)
   cflt/tap4/shiftxn_reg[17]/D
                                0.22           0.11 r        -0.11  (VIOLATED)
   cflt/tap4/shiftxn_reg[18]/D
                                0.22           0.11 r        -0.11  (VIOLATED)
   cflt/tap4/shiftxn_reg[19]/D
                                0.22           0.11 r        -0.11  (VIOLATED)
   cflt/tap4/shiftxn_reg[20]/D
                                0.22           0.11 r        -0.11  (VIOLATED)
   cflt/tap4/shiftxn_reg[21]/D
                                0.22           0.11 r        -0.11  (VIOLATED)
   cflt/tap4/shiftxn_reg[22]/D
                                0.22           0.11 r        -0.11  (VIOLATED)
   cflt/tap4/shiftxn_reg[23]/D
                                0.22           0.11 r        -0.11  (VIOLATED)
   cflt/tap4/shifty_reg[0]/D
                                0.22           0.11 r        -0.11  (VIOLATED)
   cflt/tap4/shifty_reg[1]/D
                                0.22           0.11 r        -0.11  (VIOLATED)
   cflt/tap4/shifty_reg[2]/D
                                0.22           0.11 r        -0.11  (VIOLATED)
   cflt/tap4/shifty_reg[3]/D
                                0.22           0.11 r        -0.11  (VIOLATED)
   cflt/tap4/shifty_reg[4]/D
                                0.22           0.11 r        -0.11  (VIOLATED)
   cflt/tap4/shifty_reg[5]/D
                                0.22           0.11 r        -0.11  (VIOLATED)
   cflt/tap4/shifty_reg[6]/D
                                0.22           0.11 r        -0.11  (VIOLATED)
   cflt/tap4/shifty_reg[7]/D
                                0.22           0.11 r        -0.11  (VIOLATED)
   cflt/tap5/shiftx_reg[24]/D
                                0.22           0.11 r        -0.11  (VIOLATED)
   cflt/tap5/shiftx_reg[25]/D
                                0.22           0.11 r        -0.11  (VIOLATED)
   cflt/tap5/shiftx_reg[26]/D
                                0.22           0.11 r        -0.11  (VIOLATED)
   cflt/tap5/shiftx_reg[27]/D
                                0.22           0.11 r        -0.11  (VIOLATED)
   cflt/tap5/shiftx_reg[28]/D
                                0.22           0.11 r        -0.11  (VIOLATED)
   cflt/tap5/shiftx_reg[29]/D
                                0.22           0.11 r        -0.11  (VIOLATED)
   cflt/tap5/shiftx_reg[30]/D
                                0.22           0.11 r        -0.11  (VIOLATED)
   cflt/tap5/shiftx_reg[31]/D
                                0.22           0.11 r        -0.11  (VIOLATED)
   cflt/tap5/shifty_reg[0]/D
                                0.22           0.11 r        -0.11  (VIOLATED)
   cflt/tap5/shifty_reg[1]/D
                                0.22           0.11 r        -0.11  (VIOLATED)
   cflt/tap5/shifty_reg[2]/D
                                0.22           0.11 r        -0.11  (VIOLATED)
   cflt/tap5/shifty_reg[3]/D
                                0.22           0.11 r        -0.11  (VIOLATED)
   cflt/tap5/shifty_reg[4]/D
                                0.22           0.11 r        -0.11  (VIOLATED)
   cflt/tap5/shifty_reg[5]/D
                                0.22           0.11 r        -0.11  (VIOLATED)
   cflt/tap5/shifty_reg[6]/D
                                0.22           0.11 r        -0.11  (VIOLATED)
   cflt/tap5/shifty_reg[7]/D
                                0.22           0.11 r        -0.11  (VIOLATED)
   shift_1/shift_reg_reg[0]/D
                                0.22           0.11 r        -0.11  (VIOLATED)
   shift_1/shift_reg_reg[1]/D
                                0.22           0.11 r        -0.11  (VIOLATED)
   shift_1/shift_reg_reg[2]/D
                                0.22           0.11 r        -0.11  (VIOLATED)
   shift_1/shift_reg_reg[3]/D
                                0.22           0.11 r        -0.11  (VIOLATED)
   shift_1/shift_reg_reg[4]/D
                                0.22           0.11 r        -0.11  (VIOLATED)
   shift_1/shift_reg_reg[5]/D
                                0.22           0.11 r        -0.11  (VIOLATED)
   shift_1/shift_reg_reg[6]/D
                                0.22           0.11 r        -0.11  (VIOLATED)
   shift_1/shift_reg_reg[7]/D
                                0.22           0.11 r        -0.11  (VIOLATED)
   shift_1/shift_reg_reg[8]/D
                                0.22           0.11 r        -0.11  (VIOLATED)
   shift_1/shift_reg_reg[9]/D
                                0.22           0.11 r        -0.11  (VIOLATED)
   shift_1/shift_reg_reg[10]/D
                                0.22           0.11 r        -0.11  (VIOLATED)
   shift_1/shift_reg_reg[11]/D
                                0.22           0.11 r        -0.11  (VIOLATED)
   shift_1/shift_reg_reg[12]/D
                                0.22           0.11 r        -0.11  (VIOLATED)
   shift_1/shift_reg_reg[13]/D
                                0.22           0.11 r        -0.11  (VIOLATED)
   shift_1/shift_reg_reg[14]/D
                                0.22           0.11 r        -0.11  (VIOLATED)
   shift_1/shift_reg_reg[15]/D
                                0.22           0.11 r        -0.11  (VIOLATED)
   shift_1/shift_reg_reg[16]/D
                                0.22           0.11 r        -0.11  (VIOLATED)
   shift_1/shift_reg_reg[17]/D
                                0.22           0.11 r        -0.11  (VIOLATED)
   shift_1/shift_reg_reg[18]/D
                                0.22           0.11 r        -0.11  (VIOLATED)
   shift_1/shift_reg_reg[19]/D
                                0.22           0.11 r        -0.11  (VIOLATED)
   shift_1/shift_reg_reg[20]/D
                                0.22           0.11 r        -0.11  (VIOLATED)
   shift_1/shift_reg_reg[21]/D
                                0.22           0.11 r        -0.11  (VIOLATED)
   shift_1/shift_reg_reg[22]/D
                                0.22           0.11 r        -0.11  (VIOLATED)
   shift_1/shift_reg_reg[23]/D
                                0.22           0.11 r        -0.11  (VIOLATED)
   shift_1/shift_reg_reg[24]/D
                                0.22           0.11 r        -0.11  (VIOLATED)
   shift_1/shift_reg_reg[25]/D
                                0.22           0.11 r        -0.11  (VIOLATED)
   shift_1/shift_reg_reg[26]/D
                                0.22           0.11 r        -0.11  (VIOLATED)
   shift_1/shift_reg_reg[27]/D
                                0.22           0.11 r        -0.11  (VIOLATED)
   shift_1/shift_reg_reg[28]/D
                                0.22           0.11 r        -0.11  (VIOLATED)
   shift_1/shift_reg_reg[29]/D
                                0.22           0.11 r        -0.11  (VIOLATED)
   shift_1/shift_reg_reg[30]/D
                                0.22           0.11 r        -0.11  (VIOLATED)
   shift_1/shift_reg_reg[31]/D
                                0.22           0.11 r        -0.11  (VIOLATED)
   shift_1/shift_reg_reg[32]/D
                                0.22           0.11 r        -0.11  (VIOLATED)
   shift_1/shift_reg_reg[33]/D
                                0.22           0.11 r        -0.11  (VIOLATED)
   shift_1/shift_reg_reg[34]/D
                                0.22           0.11 r        -0.11  (VIOLATED)
   shift_1/shift_reg_reg[35]/D
                                0.22           0.11 r        -0.11  (VIOLATED)
   shift_1/shift_reg_reg[36]/D
                                0.22           0.11 r        -0.11  (VIOLATED)
   shift_1/shift_reg_reg[37]/D
                                0.22           0.11 r        -0.11  (VIOLATED)
   shift_1/shift_reg_reg[38]/D
                                0.22           0.11 r        -0.11  (VIOLATED)
   shift_1/shift_reg_reg[39]/D
                                0.22           0.11 r        -0.11  (VIOLATED)
   shift_1/shift_reg_reg[40]/D
                                0.22           0.11 r        -0.11  (VIOLATED)
   shift_1/shift_reg_reg[41]/D
                                0.22           0.11 r        -0.11  (VIOLATED)
   shift_1/shift_reg_reg[42]/D
                                0.22           0.11 r        -0.11  (VIOLATED)
   shift_1/shift_reg_reg[43]/D
                                0.22           0.11 r        -0.11  (VIOLATED)
   shift_1/shift_reg_reg[44]/D
                                0.22           0.11 r        -0.11  (VIOLATED)
   shift_1/shift_reg_reg[45]/D
                                0.22           0.11 r        -0.11  (VIOLATED)
   shift_1/shift_reg_reg[46]/D
                                0.22           0.11 r        -0.11  (VIOLATED)
   shift_1/shift_reg_reg[47]/D
                                0.22           0.11 r        -0.11  (VIOLATED)
   shift_1/shift_reg_reg[48]/D
                                0.22           0.11 r        -0.11  (VIOLATED)
   shift_1/shift_reg_reg[49]/D
                                0.22           0.11 r        -0.11  (VIOLATED)
   shift_1/shift_reg_reg[50]/D
                                0.22           0.11 r        -0.11  (VIOLATED)
   shift_1/shift_reg_reg[51]/D
                                0.22           0.11 r        -0.11  (VIOLATED)
   shift_1/shift_reg_reg[52]/D
                                0.22           0.11 r        -0.11  (VIOLATED)
   shift_1/shift_reg_reg[53]/D
                                0.22           0.11 r        -0.11  (VIOLATED)
   shift_1/shift_reg_reg[54]/D
                                0.22           0.11 r        -0.11  (VIOLATED)
   shift_1/shift_reg_reg[55]/D
                                0.22           0.11 r        -0.11  (VIOLATED)
   shift_1/shift_reg_reg[56]/D
                                0.22           0.11 r        -0.11  (VIOLATED)
   shift_1/shift_reg_reg[57]/D
                                0.22           0.11 r        -0.11  (VIOLATED)
   shift_1/shift_reg_reg[58]/D
                                0.22           0.11 r        -0.11  (VIOLATED)
   shift_1/shift_reg_reg[59]/D
                                0.22           0.11 r        -0.11  (VIOLATED)
   shift_1/shift_reg_reg[60]/D
                                0.22           0.11 r        -0.11  (VIOLATED)
   shift_1/shift_reg_reg[61]/D
                                0.22           0.11 r        -0.11  (VIOLATED)
   shift_1/shift_reg_reg[62]/D
                                0.22           0.11 r        -0.11  (VIOLATED)
   shift_1/shift_reg_reg[63]/D
                                0.22           0.11 r        -0.11  (VIOLATED)
   shift_1/shift_reg_reg[64]/D
                                0.22           0.11 r        -0.11  (VIOLATED)
   shift_1/shift_reg_reg[65]/D
                                0.22           0.11 r        -0.11  (VIOLATED)
   shift_1/shift_reg_reg[66]/D
                                0.22           0.11 r        -0.11  (VIOLATED)
   shift_1/shift_reg_reg[67]/D
                                0.22           0.11 r        -0.11  (VIOLATED)
   shift_1/shift_reg_reg[68]/D
                                0.22           0.11 r        -0.11  (VIOLATED)
   shift_1/shift_reg_reg[69]/D
                                0.22           0.11 r        -0.11  (VIOLATED)
   shift_1/shift_reg_reg[70]/D
                                0.22           0.11 r        -0.11  (VIOLATED)
   shift_1/shift_reg_reg[71]/D
                                0.22           0.11 r        -0.11  (VIOLATED)
   shift_1/shift_reg_reg[72]/D
                                0.22           0.11 r        -0.11  (VIOLATED)
   shift_1/shift_reg_reg[73]/D
                                0.22           0.11 r        -0.11  (VIOLATED)
   shift_1/shift_reg_reg[74]/D
                                0.22           0.11 r        -0.11  (VIOLATED)
   shift_1/shift_reg_reg[75]/D
                                0.22           0.11 r        -0.11  (VIOLATED)
   shift_1/shift_reg_reg[76]/D
                                0.22           0.11 r        -0.11  (VIOLATED)
   shift_1/shift_reg_reg[77]/D
                                0.22           0.11 r        -0.11  (VIOLATED)
   shift_1/shift_reg_reg[78]/D
                                0.22           0.11 r        -0.11  (VIOLATED)
   shift_1/shift_reg_reg[79]/D
                                0.22           0.11 r        -0.11  (VIOLATED)
   shift_1/shift_reg_reg[80]/D
                                0.22           0.11 r        -0.11  (VIOLATED)
   shift_1/shift_reg_reg[81]/D
                                0.22           0.11 r        -0.11  (VIOLATED)
   shift_1/shift_reg_reg[82]/D
                                0.22           0.11 r        -0.11  (VIOLATED)
   shift_1/shift_reg_reg[83]/D
                                0.22           0.11 r        -0.11  (VIOLATED)
   shift_1/shift_reg_reg[84]/D
                                0.22           0.11 r        -0.11  (VIOLATED)
   shift_1/shift_reg_reg[85]/D
                                0.22           0.11 r        -0.11  (VIOLATED)
   shift_1/shift_reg_reg[86]/D
                                0.22           0.11 r        -0.11  (VIOLATED)
   shift_1/shift_reg_reg[87]/D
                                0.22           0.11 r        -0.11  (VIOLATED)
   shift_1/shift_reg_reg[88]/D
                                0.22           0.11 r        -0.11  (VIOLATED)
   shift_1/shift_reg_reg[89]/D
                                0.22           0.11 r        -0.11  (VIOLATED)
   shift_1/shift_reg_reg[90]/D
                                0.22           0.11 r        -0.11  (VIOLATED)
   shift_1/shift_reg_reg[91]/D
                                0.22           0.11 r        -0.11  (VIOLATED)
   shift_1/shift_reg_reg[92]/D
                                0.22           0.11 r        -0.11  (VIOLATED)
   shift_1/shift_reg_reg[93]/D
                                0.22           0.11 r        -0.11  (VIOLATED)
   shift_1/shift_reg_reg[94]/D
                                0.22           0.11 r        -0.11  (VIOLATED)
   shift_1/shift_reg_reg[95]/D
                                0.22           0.11 r        -0.11  (VIOLATED)
   shift_1/shift_reg_reg[96]/D
                                0.22           0.11 r        -0.11  (VIOLATED)
   shift_1/shift_reg_reg[97]/D
                                0.22           0.11 r        -0.11  (VIOLATED)
   shift_1/shift_reg_reg[98]/D
                                0.22           0.11 r        -0.11  (VIOLATED)
   shift_1/shift_reg_reg[99]/D
                                0.22           0.11 r        -0.11  (VIOLATED)
   shift_1/shift_reg_reg[100]/D
                                0.22           0.11 r        -0.11  (VIOLATED)
   shift_1/shift_reg_reg[101]/D
                                0.22           0.11 r        -0.11  (VIOLATED)
   shift_1/shift_reg_reg[102]/D
                                0.22           0.11 r        -0.11  (VIOLATED)
   shift_1/shift_reg_reg[103]/D
                                0.22           0.11 r        -0.11  (VIOLATED)
   shift_1/shift_reg_reg[104]/D
                                0.22           0.11 r        -0.11  (VIOLATED)
   shift_1/shift_reg_reg[105]/D
                                0.22           0.11 r        -0.11  (VIOLATED)
   shift_1/shift_reg_reg[106]/D
                                0.22           0.11 r        -0.11  (VIOLATED)
   shift_1/shift_reg_reg[107]/D
                                0.22           0.11 r        -0.11  (VIOLATED)
   shift_1/shift_reg_reg[108]/D
                                0.22           0.11 r        -0.11  (VIOLATED)
   shift_1/shift_reg_reg[109]/D
                                0.22           0.11 r        -0.11  (VIOLATED)
   shift_1/shift_reg_reg[110]/D
                                0.22           0.11 r        -0.11  (VIOLATED)
   shift_1/shift_reg_reg[111]/D
                                0.22           0.11 r        -0.11  (VIOLATED)
   shift_1/shift_reg_reg[112]/D
                                0.22           0.11 r        -0.11  (VIOLATED)
   shift_1/shift_reg_reg[113]/D
                                0.22           0.11 r        -0.11  (VIOLATED)
   shift_1/shift_reg_reg[114]/D
                                0.22           0.11 r        -0.11  (VIOLATED)
   shift_1/shift_reg_reg[115]/D
                                0.22           0.11 r        -0.11  (VIOLATED)
   shift_1/shift_reg_reg[116]/D
                                0.22           0.11 r        -0.11  (VIOLATED)
   shift_1/shift_reg_reg[117]/D
                                0.22           0.11 r        -0.11  (VIOLATED)
   shift_1/shift_reg_reg[118]/D
                                0.22           0.11 r        -0.11  (VIOLATED)
   shift_1/shift_reg_reg[119]/D
                                0.22           0.11 r        -0.11  (VIOLATED)
   shift_1/shift_reg_reg[120]/D
                                0.22           0.11 r        -0.11  (VIOLATED)
   shift_1/shift_reg_reg[121]/D
                                0.22           0.11 r        -0.11  (VIOLATED)
   shift_1/shift_reg_reg[122]/D
                                0.22           0.11 r        -0.11  (VIOLATED)
   shift_1/shift_reg_reg[123]/D
                                0.22           0.11 r        -0.11  (VIOLATED)
   shift_1/shift_reg_reg[124]/D
                                0.22           0.11 r        -0.11  (VIOLATED)
   shift_1/shift_reg_reg[125]/D
                                0.22           0.11 r        -0.11  (VIOLATED)
   shift_1/shift_reg_reg[126]/D
                                0.22           0.11 r        -0.11  (VIOLATED)
   shift_1/shift_reg_reg[127]/D
                                0.22           0.11 r        -0.11  (VIOLATED)
   shift_1/shift_reg_reg[128]/D
                                0.22           0.11 r        -0.11  (VIOLATED)
   shift_1/shift_reg_reg[129]/D
                                0.22           0.11 r        -0.11  (VIOLATED)
   shift_1/shift_reg_reg[130]/D
                                0.22           0.11 r        -0.11  (VIOLATED)
   shift_1/shift_reg_reg[131]/D
                                0.22           0.11 r        -0.11  (VIOLATED)
   shift_1/shift_reg_reg[132]/D
                                0.22           0.11 r        -0.11  (VIOLATED)
   shift_1/shift_reg_reg[133]/D
                                0.22           0.11 r        -0.11  (VIOLATED)
   shift_1/shift_reg_reg[134]/D
                                0.22           0.11 r        -0.11  (VIOLATED)
   shift_1/shift_reg_reg[135]/D
                                0.22           0.11 r        -0.11  (VIOLATED)
   shift_1/shift_reg_reg[136]/D
                                0.22           0.11 r        -0.11  (VIOLATED)
   shift_1/shift_reg_reg[137]/D
                                0.22           0.11 r        -0.11  (VIOLATED)
   shift_1/shift_reg_reg[138]/D
                                0.22           0.11 r        -0.11  (VIOLATED)
   shift_1/shift_reg_reg[139]/D
                                0.22           0.11 r        -0.11  (VIOLATED)
   shift_1/shift_reg_reg[140]/D
                                0.22           0.11 r        -0.11  (VIOLATED)
   shift_1/shift_reg_reg[141]/D
                                0.22           0.11 r        -0.11  (VIOLATED)
   shift_1/shift_reg_reg[142]/D
                                0.22           0.11 r        -0.11  (VIOLATED)
   shift_1/shift_reg_reg[143]/D
                                0.22           0.11 r        -0.11  (VIOLATED)
   shift_1/shift_reg_reg[144]/D
                                0.22           0.11 r        -0.11  (VIOLATED)
   shift_1/shift_reg_reg[145]/D
                                0.22           0.11 r        -0.11  (VIOLATED)
   shift_1/shift_reg_reg[146]/D
                                0.22           0.11 r        -0.11  (VIOLATED)
   shift_1/shift_reg_reg[147]/D
                                0.22           0.11 r        -0.11  (VIOLATED)
   shift_1/shift_reg_reg[148]/D
                                0.22           0.11 r        -0.11  (VIOLATED)
   shift_1/shift_reg_reg[149]/D
                                0.22           0.11 r        -0.11  (VIOLATED)
   shift_1/shift_reg_reg[150]/D
                                0.22           0.11 r        -0.11  (VIOLATED)
   shift_1/shift_reg_reg[151]/D
                                0.22           0.11 r        -0.11  (VIOLATED)
   shift_2/shift_reg_reg[0]/D
                                0.22           0.11 r        -0.11  (VIOLATED)
   shift_2/shift_reg_reg[1]/D
                                0.22           0.11 r        -0.11  (VIOLATED)
   shift_2/shift_reg_reg[2]/D
                                0.22           0.11 r        -0.11  (VIOLATED)
   shift_2/shift_reg_reg[3]/D
                                0.22           0.11 r        -0.11  (VIOLATED)
   shift_2/shift_reg_reg[4]/D
                                0.22           0.11 r        -0.11  (VIOLATED)
   shift_2/shift_reg_reg[5]/D
                                0.22           0.11 r        -0.11  (VIOLATED)
   shift_2/shift_reg_reg[6]/D
                                0.22           0.11 r        -0.11  (VIOLATED)
   shift_2/shift_reg_reg[7]/D
                                0.22           0.11 r        -0.11  (VIOLATED)
   shift_2/shift_reg_reg[8]/D
                                0.22           0.11 r        -0.11  (VIOLATED)
   shift_2/shift_reg_reg[9]/D
                                0.22           0.11 r        -0.11  (VIOLATED)
   shift_2/shift_reg_reg[10]/D
                                0.22           0.11 r        -0.11  (VIOLATED)
   shift_2/shift_reg_reg[11]/D
                                0.22           0.11 r        -0.11  (VIOLATED)
   shift_2/shift_reg_reg[12]/D
                                0.22           0.11 r        -0.11  (VIOLATED)
   shift_2/shift_reg_reg[13]/D
                                0.22           0.11 r        -0.11  (VIOLATED)
   shift_2/shift_reg_reg[14]/D
                                0.22           0.11 r        -0.11  (VIOLATED)
   shift_2/shift_reg_reg[15]/D
                                0.22           0.11 r        -0.11  (VIOLATED)
   cflt/tap1/shiftxn_reg[28]/D
                                0.22           0.12 r        -0.10  (VIOLATED)
   cflt/tap1/shiftxn_reg[30]/D
                                0.22           0.12 r        -0.10  (VIOLATED)
   cflt/tap1/shiftxn_reg[26]/D
                                0.22           0.12 r        -0.10  (VIOLATED)
   cflt/tap2/shiftxn_reg[26]/D
                                0.22           0.13 r        -0.09  (VIOLATED)
   cflt/tap3/shiftxn_reg[26]/D
                                0.22           0.13 r        -0.09  (VIOLATED)
   cflt/tap4/shiftxn_reg[26]/D
                                0.22           0.13 r        -0.09  (VIOLATED)
   cflt/tap2/shiftxn_reg[28]/D
                                0.22           0.13 r        -0.09  (VIOLATED)
   cflt/tap3/shiftxn_reg[28]/D
                                0.22           0.13 r        -0.09  (VIOLATED)
   cflt/tap4/shiftxn_reg[28]/D
                                0.22           0.13 r        -0.09  (VIOLATED)
   cflt/tap2/shiftxn_reg[30]/D
                                0.22           0.13 r        -0.09  (VIOLATED)
   cflt/tap3/shiftxn_reg[30]/D
                                0.22           0.13 r        -0.09  (VIOLATED)
   cflt/tap4/shiftxn_reg[30]/D
                                0.22           0.13 r        -0.09  (VIOLATED)
   cflt/tap1/shiftxn_reg[25]/D
                                0.23           0.14 r        -0.09  (VIOLATED)
   cflt/tap2/shiftxn_reg[24]/D
                                0.23           0.14 r        -0.09  (VIOLATED)
   cflt/tap3/shiftxn_reg[24]/D
                                0.23           0.14 r        -0.09  (VIOLATED)
   cflt/tap4/shiftxn_reg[24]/D
                                0.23           0.14 r        -0.09  (VIOLATED)
   cflt/tap2/shiftue_reg[17]/D
                                0.23           0.14 r        -0.09  (VIOLATED)
   cflt/tap3/shiftue_reg[17]/D
                                0.23           0.14 r        -0.09  (VIOLATED)
   cflt/tap4/shiftue_reg[17]/D
                                0.23           0.14 r        -0.09  (VIOLATED)
   cflt/tap2/shiftue_reg[19]/D
                                0.23           0.14 r        -0.09  (VIOLATED)
   cflt/tap3/shiftue_reg[19]/D
                                0.23           0.14 r        -0.09  (VIOLATED)
   cflt/tap4/shiftue_reg[19]/D
                                0.23           0.14 r        -0.09  (VIOLATED)
   cflt/tap2/shiftue_reg[23]/D
                                0.23           0.14 r        -0.09  (VIOLATED)
   cflt/tap3/shiftue_reg[23]/D
                                0.23           0.14 r        -0.09  (VIOLATED)
   cflt/tap4/shiftue_reg[23]/D
                                0.23           0.14 r        -0.09  (VIOLATED)
   cflt/tap1/shiftxn_reg[24]/D
                                0.23           0.14 r        -0.09  (VIOLATED)
   cflt/tap1/shiftx_reg[17]/D
                                0.23           0.14 r        -0.09  (VIOLATED)
   cflt/tap2/shiftx_reg[17]/D
                                0.23           0.14 r        -0.09  (VIOLATED)
   cflt/tap3/shiftx_reg[17]/D
                                0.23           0.14 r        -0.09  (VIOLATED)
   cflt/tap4/shiftx_reg[17]/D
                                0.23           0.14 r        -0.09  (VIOLATED)
   shift_2/shift_reg_reg[17]/D
                                0.23           0.14 r        -0.09  (VIOLATED)
   cflt/tap1/shiftx_reg[18]/D
                                0.23           0.14 r        -0.09  (VIOLATED)
   cflt/tap2/shiftx_reg[18]/D
                                0.23           0.14 r        -0.09  (VIOLATED)
   cflt/tap3/shiftx_reg[18]/D
                                0.23           0.14 r        -0.09  (VIOLATED)
   cflt/tap4/shiftx_reg[18]/D
                                0.23           0.14 r        -0.09  (VIOLATED)
   shift_2/shift_reg_reg[18]/D
                                0.23           0.14 r        -0.09  (VIOLATED)
   cflt/tap2/shiftue_reg[18]/D
                                0.23           0.14 r        -0.09  (VIOLATED)
   cflt/tap3/shiftue_reg[18]/D
                                0.23           0.14 r        -0.09  (VIOLATED)
   cflt/tap4/shiftue_reg[18]/D
                                0.23           0.14 r        -0.09  (VIOLATED)
   cflt/tap2/shiftue_reg[20]/D
                                0.23           0.14 r        -0.09  (VIOLATED)
   cflt/tap3/shiftue_reg[20]/D
                                0.23           0.14 r        -0.09  (VIOLATED)
   cflt/tap4/shiftue_reg[20]/D
                                0.23           0.14 r        -0.09  (VIOLATED)
   cflt/tap1/delay_2/shift_reg_reg[15]/D
                                0.22           0.14 r        -0.08  (VIOLATED)
   cflt/tap2/delay_2/shift_reg_reg[15]/D
                                0.22           0.14 r        -0.08  (VIOLATED)
   cflt/tap3/delay_2/shift_reg_reg[15]/D
                                0.22           0.14 r        -0.08  (VIOLATED)
   cflt/tap4/delay_2/shift_reg_reg[15]/D
                                0.22           0.14 r        -0.08  (VIOLATED)
   cflt/tap5/delay_2/shift_reg_reg[15]/D
                                0.22           0.14 r        -0.08  (VIOLATED)
   cflt/tap1/shiftx_reg[23]/D
                                0.23           0.15 r        -0.08  (VIOLATED)
   cflt/tap2/shiftx_reg[23]/D
                                0.23           0.15 r        -0.08  (VIOLATED)
   cflt/tap3/shiftx_reg[23]/D
                                0.23           0.15 r        -0.08  (VIOLATED)
   cflt/tap4/shiftx_reg[23]/D
                                0.23           0.15 r        -0.08  (VIOLATED)
   shift_2/shift_reg_reg[23]/D
                                0.23           0.15 r        -0.08  (VIOLATED)
   shift_2/shift_reg_reg[22]/D
                                0.23           0.15 r        -0.08  (VIOLATED)
   cflt/tap2/shiftue_reg[22]/D
                                0.23           0.15 r        -0.08  (VIOLATED)
   cflt/tap3/shiftue_reg[22]/D
                                0.23           0.15 r        -0.08  (VIOLATED)
   cflt/tap4/shiftue_reg[22]/D
                                0.23           0.15 r        -0.08  (VIOLATED)
   cflt/tap1/shiftx_reg[22]/D
                                0.23           0.15 r        -0.08  (VIOLATED)
   cflt/tap2/shiftx_reg[22]/D
                                0.23           0.15 r        -0.08  (VIOLATED)
   cflt/tap3/shiftx_reg[22]/D
                                0.23           0.15 r        -0.08  (VIOLATED)
   cflt/tap4/shiftx_reg[22]/D
                                0.23           0.15 r        -0.08  (VIOLATED)
   cflt/tap2/shiftue_reg[21]/D
                                0.23           0.15 r        -0.08  (VIOLATED)
   cflt/tap3/shiftue_reg[21]/D
                                0.23           0.15 r        -0.08  (VIOLATED)
   cflt/tap4/shiftue_reg[21]/D
                                0.23           0.15 r        -0.08  (VIOLATED)
   cflt/tap1/shiftx_reg[19]/D
                                0.23           0.15 r        -0.08  (VIOLATED)
   cflt/tap2/shiftx_reg[19]/D
                                0.23           0.15 r        -0.08  (VIOLATED)
   cflt/tap3/shiftx_reg[19]/D
                                0.23           0.15 r        -0.08  (VIOLATED)
   cflt/tap4/shiftx_reg[19]/D
                                0.23           0.15 r        -0.08  (VIOLATED)
   shift_2/shift_reg_reg[19]/D
                                0.23           0.15 r        -0.08  (VIOLATED)
   cflt/tap1/shiftx_reg[20]/D
                                0.23           0.15 r        -0.08  (VIOLATED)
   cflt/tap2/shiftx_reg[20]/D
                                0.23           0.15 r        -0.08  (VIOLATED)
   cflt/tap3/shiftx_reg[20]/D
                                0.23           0.15 r        -0.08  (VIOLATED)
   cflt/tap4/shiftx_reg[20]/D
                                0.23           0.15 r        -0.08  (VIOLATED)
   shift_2/shift_reg_reg[20]/D
                                0.23           0.15 r        -0.08  (VIOLATED)
   cflt/tap1/shiftx_reg[21]/D
                                0.23           0.15 r        -0.08  (VIOLATED)
   cflt/tap2/shiftx_reg[21]/D
                                0.23           0.15 r        -0.08  (VIOLATED)
   cflt/tap3/shiftx_reg[21]/D
                                0.23           0.15 r        -0.08  (VIOLATED)
   cflt/tap4/shiftx_reg[21]/D
                                0.23           0.15 r        -0.08  (VIOLATED)
   shift_2/shift_reg_reg[21]/D
                                0.23           0.15 r        -0.08  (VIOLATED)
   cflt/tap2/shiftxn_reg[25]/D
                                0.21           0.13 f        -0.08  (VIOLATED)
   cflt/tap3/shiftxn_reg[25]/D
                                0.21           0.13 f        -0.08  (VIOLATED)
   cflt/tap4/shiftxn_reg[25]/D
                                0.21           0.13 f        -0.08  (VIOLATED)
   cflt/tap1/delay_2/shift_reg_reg[0]/D
                                0.22           0.15 r        -0.07  (VIOLATED)
   cflt/tap2/delay_2/shift_reg_reg[0]/D
                                0.22           0.15 r        -0.07  (VIOLATED)
   cflt/tap3/delay_2/shift_reg_reg[0]/D
                                0.22           0.15 r        -0.07  (VIOLATED)
   cflt/tap4/delay_2/shift_reg_reg[0]/D
                                0.22           0.15 r        -0.07  (VIOLATED)
   cflt/tap5/delay_2/shift_reg_reg[0]/D
                                0.22           0.15 r        -0.07  (VIOLATED)
   cflt/tap1/shiftx_reg[16]/D
                                0.21           0.14 f        -0.07  (VIOLATED)
   cflt/tap2/shiftx_reg[16]/D
                                0.21           0.14 f        -0.07  (VIOLATED)
   cflt/tap3/shiftx_reg[16]/D
                                0.21           0.14 f        -0.07  (VIOLATED)
   cflt/tap4/shiftx_reg[16]/D
                                0.21           0.14 f        -0.07  (VIOLATED)
   shift_2/shift_reg_reg[16]/D
                                0.21           0.14 f        -0.07  (VIOLATED)
   cflt/tap2/shiftue_reg[16]/D
                                0.21           0.14 f        -0.07  (VIOLATED)
   cflt/tap3/shiftue_reg[16]/D
                                0.21           0.14 f        -0.07  (VIOLATED)
   cflt/tap4/shiftue_reg[16]/D
                                0.21           0.14 f        -0.07  (VIOLATED)
   cflt/tap1/shiftxn_reg[31]/D
                                0.21           0.14 f        -0.07  (VIOLATED)
   cflt/tap2/shiftxn_reg[27]/D
                                0.21           0.14 f        -0.07  (VIOLATED)
   cflt/tap3/shiftxn_reg[27]/D
                                0.21           0.14 f        -0.07  (VIOLATED)
   cflt/tap4/shiftxn_reg[27]/D
                                0.21           0.14 f        -0.07  (VIOLATED)
   cflt/tap3/shifty_reg[15]/D
                                0.22           0.15 r        -0.07  (VIOLATED)
   cflt/tap4/shifty_reg[15]/D
                                0.22           0.15 r        -0.07  (VIOLATED)
   cflt/tap5/shifty_reg[15]/D
                                0.22           0.15 r        -0.07  (VIOLATED)
   cflt/tap1/shiftxn_reg[29]/D
                                0.21           0.14 f        -0.07  (VIOLATED)
   cflt/tap2/shiftxn_reg[29]/D
                                0.21           0.14 f        -0.07  (VIOLATED)
   cflt/tap3/shiftxn_reg[29]/D
                                0.21           0.14 f        -0.07  (VIOLATED)
   cflt/tap4/shiftxn_reg[29]/D
                                0.21           0.14 f        -0.07  (VIOLATED)
   cflt/tap1/shiftxn_reg[27]/D
                                0.21           0.14 f        -0.07  (VIOLATED)
   cflt/tap2/shiftxn_reg[31]/D
                                0.21           0.14 f        -0.07  (VIOLATED)
   cflt/tap3/shiftxn_reg[31]/D
                                0.21           0.14 f        -0.07  (VIOLATED)
   cflt/tap4/shiftxn_reg[31]/D
                                0.21           0.14 f        -0.07  (VIOLATED)
   cflt/tap3/shifty_reg[8]/D
                                0.22           0.16 r        -0.06  (VIOLATED)
   cflt/tap4/shifty_reg[8]/D
                                0.22           0.16 r        -0.06  (VIOLATED)
   cflt/tap5/shifty_reg[8]/D
                                0.22           0.16 r        -0.06  (VIOLATED)
   cflt/tap1/delay_2/shift_reg_reg[9]/D
                                0.22           0.18 r        -0.04  (VIOLATED)
   cflt/tap2/delay_2/shift_reg_reg[9]/D
                                0.22           0.18 r        -0.04  (VIOLATED)
   cflt/tap3/delay_2/shift_reg_reg[9]/D
                                0.22           0.18 r        -0.04  (VIOLATED)
   cflt/tap4/delay_2/shift_reg_reg[9]/D
                                0.22           0.18 r        -0.04  (VIOLATED)
   cflt/tap5/delay_2/shift_reg_reg[9]/D
                                0.22           0.18 r        -0.04  (VIOLATED)
   cflt/tap2/delay_2/shift_reg_reg[7]/D
                                0.22           0.18 r        -0.04  (VIOLATED)
   cflt/tap3/delay_2/shift_reg_reg[7]/D
                                0.22           0.18 r        -0.04  (VIOLATED)
   cflt/tap4/delay_2/shift_reg_reg[7]/D
                                0.22           0.18 r        -0.04  (VIOLATED)
   cflt/tap5/delay_2/shift_reg_reg[7]/D
                                0.22           0.18 r        -0.04  (VIOLATED)
   cflt/tap1/delay_2/shift_reg_reg[7]/D
                                0.22           0.18 r        -0.04  (VIOLATED)
   cflt/tap2/delay_2/shift_reg_reg[10]/D
                                0.22           0.18 r        -0.04  (VIOLATED)
   cflt/tap3/delay_2/shift_reg_reg[10]/D
                                0.22           0.18 r        -0.04  (VIOLATED)
   cflt/tap4/delay_2/shift_reg_reg[10]/D
                                0.22           0.18 r        -0.04  (VIOLATED)
   cflt/tap5/delay_2/shift_reg_reg[10]/D
                                0.22           0.18 r        -0.04  (VIOLATED)
   cflt/tap1/delay_2/shift_reg_reg[8]/D
                                0.22           0.18 r        -0.04  (VIOLATED)
   cflt/tap2/delay_2/shift_reg_reg[8]/D
                                0.22           0.18 r        -0.04  (VIOLATED)
   cflt/tap3/delay_2/shift_reg_reg[8]/D
                                0.22           0.18 r        -0.04  (VIOLATED)
   cflt/tap4/delay_2/shift_reg_reg[8]/D
                                0.22           0.18 r        -0.04  (VIOLATED)
   cflt/tap5/delay_2/shift_reg_reg[8]/D
                                0.22           0.18 r        -0.04  (VIOLATED)
   cflt/tap1/delay_2/shift_reg_reg[10]/D
                                0.22           0.18 r        -0.04  (VIOLATED)
   cflt/tap1/delay_2/shift_reg_reg[6]/D
                                0.22           0.18 r        -0.04  (VIOLATED)
   cflt/tap2/delay_2/shift_reg_reg[6]/D
                                0.22           0.18 r        -0.04  (VIOLATED)
   cflt/tap3/delay_2/shift_reg_reg[6]/D
                                0.22           0.18 r        -0.04  (VIOLATED)
   cflt/tap4/delay_2/shift_reg_reg[6]/D
                                0.22           0.18 r        -0.04  (VIOLATED)
   cflt/tap5/delay_2/shift_reg_reg[6]/D
                                0.22           0.18 r        -0.04  (VIOLATED)
   cflt/tap1/delay_2/shift_reg_reg[1]/D
                                0.22           0.18 r        -0.04  (VIOLATED)
   cflt/tap2/delay_2/shift_reg_reg[1]/D
                                0.22           0.18 r        -0.04  (VIOLATED)
   cflt/tap3/delay_2/shift_reg_reg[1]/D
                                0.22           0.18 r        -0.04  (VIOLATED)
   cflt/tap4/delay_2/shift_reg_reg[1]/D
                                0.22           0.18 r        -0.04  (VIOLATED)
   cflt/tap5/delay_2/shift_reg_reg[1]/D
                                0.22           0.18 r        -0.04  (VIOLATED)
   cflt/tap1/delay_2/shift_reg_reg[2]/D
                                0.22           0.18 r        -0.04  (VIOLATED)
   cflt/tap1/delay_2/shift_reg_reg[3]/D
                                0.22           0.18 r        -0.04  (VIOLATED)
   cflt/tap1/delay_2/shift_reg_reg[4]/D
                                0.22           0.18 r        -0.04  (VIOLATED)
   cflt/tap1/delay_2/shift_reg_reg[5]/D
                                0.22           0.18 r        -0.04  (VIOLATED)
   cflt/tap2/delay_2/shift_reg_reg[2]/D
                                0.22           0.18 r        -0.04  (VIOLATED)
   cflt/tap2/delay_2/shift_reg_reg[3]/D
                                0.22           0.18 r        -0.04  (VIOLATED)
   cflt/tap2/delay_2/shift_reg_reg[4]/D
                                0.22           0.18 r        -0.04  (VIOLATED)
   cflt/tap2/delay_2/shift_reg_reg[5]/D
                                0.22           0.18 r        -0.04  (VIOLATED)
   cflt/tap3/delay_2/shift_reg_reg[2]/D
                                0.22           0.18 r        -0.04  (VIOLATED)
   cflt/tap3/delay_2/shift_reg_reg[3]/D
                                0.22           0.18 r        -0.04  (VIOLATED)
   cflt/tap3/delay_2/shift_reg_reg[4]/D
                                0.22           0.18 r        -0.04  (VIOLATED)
   cflt/tap3/delay_2/shift_reg_reg[5]/D
                                0.22           0.18 r        -0.04  (VIOLATED)
   cflt/tap4/delay_2/shift_reg_reg[2]/D
                                0.22           0.18 r        -0.04  (VIOLATED)
   cflt/tap4/delay_2/shift_reg_reg[3]/D
                                0.22           0.18 r        -0.04  (VIOLATED)
   cflt/tap4/delay_2/shift_reg_reg[4]/D
                                0.22           0.18 r        -0.04  (VIOLATED)
   cflt/tap4/delay_2/shift_reg_reg[5]/D
                                0.22           0.18 r        -0.04  (VIOLATED)
   cflt/tap5/delay_2/shift_reg_reg[2]/D
                                0.22           0.18 r        -0.04  (VIOLATED)
   cflt/tap5/delay_2/shift_reg_reg[3]/D
                                0.22           0.18 r        -0.04  (VIOLATED)
   cflt/tap5/delay_2/shift_reg_reg[4]/D
                                0.22           0.18 r        -0.04  (VIOLATED)
   cflt/tap5/delay_2/shift_reg_reg[5]/D
                                0.22           0.18 r        -0.04  (VIOLATED)
   cflt/tap1/delay_2/shift_reg_reg[12]/D
                                0.22           0.19 r        -0.03  (VIOLATED)
   cflt/tap2/delay_2/shift_reg_reg[12]/D
                                0.22           0.19 r        -0.03  (VIOLATED)
   cflt/tap3/delay_2/shift_reg_reg[12]/D
                                0.22           0.19 r        -0.03  (VIOLATED)
   cflt/tap4/delay_2/shift_reg_reg[12]/D
                                0.22           0.19 r        -0.03  (VIOLATED)
   cflt/tap5/delay_2/shift_reg_reg[12]/D
                                0.22           0.19 r        -0.03  (VIOLATED)
   cflt/tap1/shiftue_reg[16]/D
                                0.21           0.18 f        -0.03  (VIOLATED)
   cflt/tap1/delay_2/shift_reg_reg[11]/D
                                0.22           0.19 r        -0.03  (VIOLATED)
   cflt/tap2/delay_2/shift_reg_reg[11]/D
                                0.22           0.19 r        -0.03  (VIOLATED)
   cflt/tap3/delay_2/shift_reg_reg[11]/D
                                0.22           0.19 r        -0.03  (VIOLATED)
   cflt/tap4/delay_2/shift_reg_reg[11]/D
                                0.22           0.19 r        -0.03  (VIOLATED)
   cflt/tap5/delay_2/shift_reg_reg[11]/D
                                0.22           0.19 r        -0.03  (VIOLATED)
   cflt/tap3/shifty_reg[12]/D
                                0.21           0.18 f        -0.03  (VIOLATED)
   cflt/tap3/shifty_reg[13]/D
                                0.21           0.18 f        -0.03  (VIOLATED)
   cflt/tap3/shifty_reg[14]/D
                                0.21           0.18 f        -0.03  (VIOLATED)
   cflt/tap4/shifty_reg[12]/D
                                0.21           0.18 f        -0.03  (VIOLATED)
   cflt/tap4/shifty_reg[13]/D
                                0.21           0.18 f        -0.03  (VIOLATED)
   cflt/tap4/shifty_reg[14]/D
                                0.21           0.18 f        -0.03  (VIOLATED)
   cflt/tap5/shifty_reg[12]/D
                                0.21           0.18 f        -0.03  (VIOLATED)
   cflt/tap5/shifty_reg[13]/D
                                0.21           0.18 f        -0.03  (VIOLATED)
   cflt/tap5/shifty_reg[14]/D
                                0.21           0.18 f        -0.03  (VIOLATED)
   cflt/tap3/shifty_reg[9]/D
                                0.21           0.18 f        -0.03  (VIOLATED)
   cflt/tap3/shifty_reg[10]/D
                                0.21           0.18 f        -0.03  (VIOLATED)
   cflt/tap3/shifty_reg[11]/D
                                0.21           0.18 f        -0.03  (VIOLATED)
   cflt/tap4/shifty_reg[9]/D
                                0.21           0.18 f        -0.03  (VIOLATED)
   cflt/tap4/shifty_reg[10]/D
                                0.21           0.18 f        -0.03  (VIOLATED)
   cflt/tap4/shifty_reg[11]/D
                                0.21           0.18 f        -0.03  (VIOLATED)
   cflt/tap5/shifty_reg[9]/D
                                0.21           0.18 f        -0.03  (VIOLATED)
   cflt/tap5/shifty_reg[10]/D
                                0.21           0.18 f        -0.03  (VIOLATED)
   cflt/tap5/shifty_reg[11]/D
                                0.21           0.18 f        -0.03  (VIOLATED)


   max_leakage_power

                             Required        Actual
   Design                   Leakage Power  Leakage Power     Slack
   -----------------------------------------------------------------
   tf_lms_sv                    0.00       126547.66      -126547.66
                                                                    (VIOLATED)


1
