 
****************************************
Report : timing
        -path full
        -delay min
        -max_paths 10
Design : tf_lms_sv
Version: L-2016.03-SP1
Date   : Thu Mar 26 01:26:00 2026
****************************************

Operating Conditions: typical   Library: NangateOpenCellLibrary_typ
Wire Load Model Mode: top

  Startpoint: cflt/tap1/shiftue_reg[16]
              (rising edge-triggered flip-flop clocked by clk)
  Endpoint: cflt/tap1/shiftue_reg[8]
            (rising edge-triggered flip-flop clocked by clk)
  Path Group: clk
  Path Type: min

  Des/Clust/Port     Wire Load Model       Library
  ------------------------------------------------
  tf_lms_sv          5K_hvratio_1_1        NangateOpenCellLibrary_typ

  Point                                                   Incr       Path
  --------------------------------------------------------------------------
  clock clk (rise edge)                                   0.00       0.00
  clock network delay (ideal)                             0.00       0.00
  cflt/tap1/shiftue_reg[16]/CK (DFF_X1)                   0.00       0.00 r
  cflt/tap1/shiftue_reg[16]/Q (DFF_X1)                    0.10       0.10 r
  cflt/tap1/shiftue_reg[8]/D (DFF_X1)                     0.01       0.11 r
  data arrival time                                                  0.11

  clock clk (rise edge)                                   0.00       0.00
  clock network delay (ideal)                             0.00       0.00
  clock uncertainty                                       0.20       0.20
  cflt/tap1/shiftue_reg[8]/CK (DFF_X1)                    0.00       0.20 r
  library hold time                                       0.02       0.22
  data required time                                                 0.22
  --------------------------------------------------------------------------
  data required time                                                 0.22
  data arrival time                                                 -0.11
  --------------------------------------------------------------------------
  slack (VIOLATED)                                                  -0.11


  Startpoint: cflt/tap1/shiftue_reg[17]
              (rising edge-triggered flip-flop clocked by clk)
  Endpoint: cflt/tap1/shiftue_reg[9]
            (rising edge-triggered flip-flop clocked by clk)
  Path Group: clk
  Path Type: min

  Des/Clust/Port     Wire Load Model       Library
  ------------------------------------------------
  tf_lms_sv          5K_hvratio_1_1        NangateOpenCellLibrary_typ

  Point                                                   Incr       Path
  --------------------------------------------------------------------------
  clock clk (rise edge)                                   0.00       0.00
  clock network delay (ideal)                             0.00       0.00
  cflt/tap1/shiftue_reg[17]/CK (DFF_X1)                   0.00       0.00 r
  cflt/tap1/shiftue_reg[17]/Q (DFF_X1)                    0.10       0.10 r
  cflt/tap1/shiftue_reg[9]/D (DFF_X1)                     0.01       0.11 r
  data arrival time                                                  0.11

  clock clk (rise edge)                                   0.00       0.00
  clock network delay (ideal)                             0.00       0.00
  clock uncertainty                                       0.20       0.20
  cflt/tap1/shiftue_reg[9]/CK (DFF_X1)                    0.00       0.20 r
  library hold time                                       0.02       0.22
  data required time                                                 0.22
  --------------------------------------------------------------------------
  data required time                                                 0.22
  data arrival time                                                 -0.11
  --------------------------------------------------------------------------
  slack (VIOLATED)                                                  -0.11


  Startpoint: cflt/tap1/shiftue_reg[15]
              (rising edge-triggered flip-flop clocked by clk)
  Endpoint: cflt/tap1/shiftue_reg[7]
            (rising edge-triggered flip-flop clocked by clk)
  Path Group: clk
  Path Type: min

  Des/Clust/Port     Wire Load Model       Library
  ------------------------------------------------
  tf_lms_sv          5K_hvratio_1_1        NangateOpenCellLibrary_typ

  Point                                                   Incr       Path
  --------------------------------------------------------------------------
  clock clk (rise edge)                                   0.00       0.00
  clock network delay (ideal)                             0.00       0.00
  cflt/tap1/shiftue_reg[15]/CK (DFF_X1)                   0.00       0.00 r
  cflt/tap1/shiftue_reg[15]/Q (DFF_X1)                    0.10       0.10 r
  cflt/tap1/shiftue_reg[7]/D (DFF_X1)                     0.01       0.11 r
  data arrival time                                                  0.11

  clock clk (rise edge)                                   0.00       0.00
  clock network delay (ideal)                             0.00       0.00
  clock uncertainty                                       0.20       0.20
  cflt/tap1/shiftue_reg[7]/CK (DFF_X1)                    0.00       0.20 r
  library hold time                                       0.02       0.22
  data required time                                                 0.22
  --------------------------------------------------------------------------
  data required time                                                 0.22
  data arrival time                                                 -0.11
  --------------------------------------------------------------------------
  slack (VIOLATED)                                                  -0.11


  Startpoint: cflt/tap1/shiftue_reg[14]
              (rising edge-triggered flip-flop clocked by clk)
  Endpoint: cflt/tap1/shiftue_reg[6]
            (rising edge-triggered flip-flop clocked by clk)
  Path Group: clk
  Path Type: min

  Des/Clust/Port     Wire Load Model       Library
  ------------------------------------------------
  tf_lms_sv          5K_hvratio_1_1        NangateOpenCellLibrary_typ

  Point                                                   Incr       Path
  --------------------------------------------------------------------------
  clock clk (rise edge)                                   0.00       0.00
  clock network delay (ideal)                             0.00       0.00
  cflt/tap1/shiftue_reg[14]/CK (DFF_X1)                   0.00       0.00 r
  cflt/tap1/shiftue_reg[14]/Q (DFF_X1)                    0.10       0.10 r
  cflt/tap1/shiftue_reg[6]/D (DFF_X1)                     0.01       0.11 r
  data arrival time                                                  0.11

  clock clk (rise edge)                                   0.00       0.00
  clock network delay (ideal)                             0.00       0.00
  clock uncertainty                                       0.20       0.20
  cflt/tap1/shiftue_reg[6]/CK (DFF_X1)                    0.00       0.20 r
  library hold time                                       0.02       0.22
  data required time                                                 0.22
  --------------------------------------------------------------------------
  data required time                                                 0.22
  data arrival time                                                 -0.11
  --------------------------------------------------------------------------
  slack (VIOLATED)                                                  -0.11


  Startpoint: cflt/tap1/shiftue_reg[13]
              (rising edge-triggered flip-flop clocked by clk)
  Endpoint: cflt/tap1/shiftue_reg[5]
            (rising edge-triggered flip-flop clocked by clk)
  Path Group: clk
  Path Type: min

  Des/Clust/Port     Wire Load Model       Library
  ------------------------------------------------
  tf_lms_sv          5K_hvratio_1_1        NangateOpenCellLibrary_typ

  Point                                                   Incr       Path
  --------------------------------------------------------------------------
  clock clk (rise edge)                                   0.00       0.00
  clock network delay (ideal)                             0.00       0.00
  cflt/tap1/shiftue_reg[13]/CK (DFF_X1)                   0.00       0.00 r
  cflt/tap1/shiftue_reg[13]/Q (DFF_X1)                    0.10       0.10 r
  cflt/tap1/shiftue_reg[5]/D (DFF_X1)                     0.01       0.11 r
  data arrival time                                                  0.11

  clock clk (rise edge)                                   0.00       0.00
  clock network delay (ideal)                             0.00       0.00
  clock uncertainty                                       0.20       0.20
  cflt/tap1/shiftue_reg[5]/CK (DFF_X1)                    0.00       0.20 r
  library hold time                                       0.02       0.22
  data required time                                                 0.22
  --------------------------------------------------------------------------
  data required time                                                 0.22
  data arrival time                                                 -0.11
  --------------------------------------------------------------------------
  slack (VIOLATED)                                                  -0.11


  Startpoint: cflt/tap1/shiftue_reg[12]
              (rising edge-triggered flip-flop clocked by clk)
  Endpoint: cflt/tap1/shiftue_reg[4]
            (rising edge-triggered flip-flop clocked by clk)
  Path Group: clk
  Path Type: min

  Des/Clust/Port     Wire Load Model       Library
  ------------------------------------------------
  tf_lms_sv          5K_hvratio_1_1        NangateOpenCellLibrary_typ

  Point                                                   Incr       Path
  --------------------------------------------------------------------------
  clock clk (rise edge)                                   0.00       0.00
  clock network delay (ideal)                             0.00       0.00
  cflt/tap1/shiftue_reg[12]/CK (DFF_X1)                   0.00       0.00 r
  cflt/tap1/shiftue_reg[12]/Q (DFF_X1)                    0.10       0.10 r
  cflt/tap1/shiftue_reg[4]/D (DFF_X1)                     0.01       0.11 r
  data arrival time                                                  0.11

  clock clk (rise edge)                                   0.00       0.00
  clock network delay (ideal)                             0.00       0.00
  clock uncertainty                                       0.20       0.20
  cflt/tap1/shiftue_reg[4]/CK (DFF_X1)                    0.00       0.20 r
  library hold time                                       0.02       0.22
  data required time                                                 0.22
  --------------------------------------------------------------------------
  data required time                                                 0.22
  data arrival time                                                 -0.11
  --------------------------------------------------------------------------
  slack (VIOLATED)                                                  -0.11


  Startpoint: cflt/tap1/shiftue_reg[11]
              (rising edge-triggered flip-flop clocked by clk)
  Endpoint: cflt/tap1/shiftue_reg[3]
            (rising edge-triggered flip-flop clocked by clk)
  Path Group: clk
  Path Type: min

  Des/Clust/Port     Wire Load Model       Library
  ------------------------------------------------
  tf_lms_sv          5K_hvratio_1_1        NangateOpenCellLibrary_typ

  Point                                                   Incr       Path
  --------------------------------------------------------------------------
  clock clk (rise edge)                                   0.00       0.00
  clock network delay (ideal)                             0.00       0.00
  cflt/tap1/shiftue_reg[11]/CK (DFF_X1)                   0.00       0.00 r
  cflt/tap1/shiftue_reg[11]/Q (DFF_X1)                    0.10       0.10 r
  cflt/tap1/shiftue_reg[3]/D (DFF_X1)                     0.01       0.11 r
  data arrival time                                                  0.11

  clock clk (rise edge)                                   0.00       0.00
  clock network delay (ideal)                             0.00       0.00
  clock uncertainty                                       0.20       0.20
  cflt/tap1/shiftue_reg[3]/CK (DFF_X1)                    0.00       0.20 r
  library hold time                                       0.02       0.22
  data required time                                                 0.22
  --------------------------------------------------------------------------
  data required time                                                 0.22
  data arrival time                                                 -0.11
  --------------------------------------------------------------------------
  slack (VIOLATED)                                                  -0.11


  Startpoint: cflt/tap1/shiftue_reg[10]
              (rising edge-triggered flip-flop clocked by clk)
  Endpoint: cflt/tap1/shiftue_reg[2]
            (rising edge-triggered flip-flop clocked by clk)
  Path Group: clk
  Path Type: min

  Des/Clust/Port     Wire Load Model       Library
  ------------------------------------------------
  tf_lms_sv          5K_hvratio_1_1        NangateOpenCellLibrary_typ

  Point                                                   Incr       Path
  --------------------------------------------------------------------------
  clock clk (rise edge)                                   0.00       0.00
  clock network delay (ideal)                             0.00       0.00
  cflt/tap1/shiftue_reg[10]/CK (DFF_X1)                   0.00       0.00 r
  cflt/tap1/shiftue_reg[10]/Q (DFF_X1)                    0.10       0.10 r
  cflt/tap1/shiftue_reg[2]/D (DFF_X1)                     0.01       0.11 r
  data arrival time                                                  0.11

  clock clk (rise edge)                                   0.00       0.00
  clock network delay (ideal)                             0.00       0.00
  clock uncertainty                                       0.20       0.20
  cflt/tap1/shiftue_reg[2]/CK (DFF_X1)                    0.00       0.20 r
  library hold time                                       0.02       0.22
  data required time                                                 0.22
  --------------------------------------------------------------------------
  data required time                                                 0.22
  data arrival time                                                 -0.11
  --------------------------------------------------------------------------
  slack (VIOLATED)                                                  -0.11


  Startpoint: cflt/tap1/shiftue_reg[9]
              (rising edge-triggered flip-flop clocked by clk)
  Endpoint: cflt/tap1/shiftue_reg[1]
            (rising edge-triggered flip-flop clocked by clk)
  Path Group: clk
  Path Type: min

  Des/Clust/Port     Wire Load Model       Library
  ------------------------------------------------
  tf_lms_sv          5K_hvratio_1_1        NangateOpenCellLibrary_typ

  Point                                                   Incr       Path
  --------------------------------------------------------------------------
  clock clk (rise edge)                                   0.00       0.00
  clock network delay (ideal)                             0.00       0.00
  cflt/tap1/shiftue_reg[9]/CK (DFF_X1)                    0.00       0.00 r
  cflt/tap1/shiftue_reg[9]/Q (DFF_X1)                     0.10       0.10 r
  cflt/tap1/shiftue_reg[1]/D (DFF_X1)                     0.01       0.11 r
  data arrival time                                                  0.11

  clock clk (rise edge)                                   0.00       0.00
  clock network delay (ideal)                             0.00       0.00
  clock uncertainty                                       0.20       0.20
  cflt/tap1/shiftue_reg[1]/CK (DFF_X1)                    0.00       0.20 r
  library hold time                                       0.02       0.22
  data required time                                                 0.22
  --------------------------------------------------------------------------
  data required time                                                 0.22
  data arrival time                                                 -0.11
  --------------------------------------------------------------------------
  slack (VIOLATED)                                                  -0.11


  Startpoint: cflt/tap1/shiftue_reg[8]
              (rising edge-triggered flip-flop clocked by clk)
  Endpoint: cflt/tap1/shiftue_reg[0]
            (rising edge-triggered flip-flop clocked by clk)
  Path Group: clk
  Path Type: min

  Des/Clust/Port     Wire Load Model       Library
  ------------------------------------------------
  tf_lms_sv          5K_hvratio_1_1        NangateOpenCellLibrary_typ

  Point                                                   Incr       Path
  --------------------------------------------------------------------------
  clock clk (rise edge)                                   0.00       0.00
  clock network delay (ideal)                             0.00       0.00
  cflt/tap1/shiftue_reg[8]/CK (DFF_X1)                    0.00       0.00 r
  cflt/tap1/shiftue_reg[8]/Q (DFF_X1)                     0.10       0.10 r
  cflt/tap1/shiftue_reg[0]/D (DFF_X1)                     0.01       0.11 r
  data arrival time                                                  0.11

  clock clk (rise edge)                                   0.00       0.00
  clock network delay (ideal)                             0.00       0.00
  clock uncertainty                                       0.20       0.20
  cflt/tap1/shiftue_reg[0]/CK (DFF_X1)                    0.00       0.20 r
  library hold time                                       0.02       0.22
  data required time                                                 0.22
  --------------------------------------------------------------------------
  data required time                                                 0.22
  data arrival time                                                 -0.11
  --------------------------------------------------------------------------
  slack (VIOLATED)                                                  -0.11


1
